[2023-02-01T08:29:11.959+0100][gc,init] CardTable entry size: 512
[2023-02-01T08:29:11.959+0100][gc     ] Using G1
[2023-02-01T08:29:11.967+0100][gc,init] Version: 18+36-2087 (release)
[2023-02-01T08:29:11.967+0100][gc,init] CPUs: 4 total, 4 available
[2023-02-01T08:29:11.967+0100][gc,init] Memory: 8192M
[2023-02-01T08:29:11.967+0100][gc,init] Large Page Support: Disabled
[2023-02-01T08:29:11.967+0100][gc,init] NUMA Support: Disabled
[2023-02-01T08:29:11.967+0100][gc,init] Compressed Oops: Enabled (Zero based)
[2023-02-01T08:29:11.967+0100][gc,init] Heap Region Size: 1M
[2023-02-01T08:29:11.967+0100][gc,init] Heap Min Capacity: 1G
[2023-02-01T08:29:11.967+0100][gc,init] Heap Initial Capacity: 1G
[2023-02-01T08:29:11.967+0100][gc,init] Heap Max Capacity: 1G
[2023-02-01T08:29:11.967+0100][gc,init] Pre-touch: Disabled
[2023-02-01T08:29:11.967+0100][gc,init] Parallel Workers: 4
[2023-02-01T08:29:11.967+0100][gc,init] Concurrent Workers: 1
[2023-02-01T08:29:11.967+0100][gc,init] Concurrent Refinement Workers: 4
[2023-02-01T08:29:11.967+0100][gc,init] Periodic GC: Disabled
[2023-02-01T08:29:11.967+0100][gc,metaspace] CDS archive(s) mapped at: [0x0000000800000000-0x0000000800ba8000-0x0000000800ba8000), size 12222464, SharedBaseAddress: 0x0000000800000000, ArchiveRelocationMode: 0.
[2023-02-01T08:29:11.967+0100][gc,metaspace] Compressed class space mapped at: 0x0000000800c00000-0x0000000840c00000, reserved size: 1073741824
[2023-02-01T08:29:11.967+0100][gc,metaspace] Narrow klass base: 0x0000000800000000, Narrow klass shift: 0, Narrow klass range: 0x100000000
[2023-02-01T08:29:14.233+0100][gc,start    ] GC(0) Pause Young (Normal) (G1 Evacuation Pause)
[2023-02-01T08:29:14.235+0100][gc,task     ] GC(0) Using 4 workers of 4 for evacuation
[2023-02-01T08:29:14.248+0100][gc,phases   ] GC(0)   Pre Evacuate Collection Set: 0.1ms
[2023-02-01T08:29:14.248+0100][gc,phases   ] GC(0)   Merge Heap Roots: 0.1ms
[2023-02-01T08:29:14.248+0100][gc,phases   ] GC(0)   Evacuate Collection Set: 11.9ms
[2023-02-01T08:29:14.248+0100][gc,phases   ] GC(0)   Post Evacuate Collection Set: 1.0ms
[2023-02-01T08:29:14.248+0100][gc,phases   ] GC(0)   Other: 1.2ms
[2023-02-01T08:29:14.248+0100][gc,heap     ] GC(0) Eden regions: 51->0(44)
[2023-02-01T08:29:14.248+0100][gc,heap     ] GC(0) Survivor regions: 0->7(7)
[2023-02-01T08:29:14.248+0100][gc,heap     ] GC(0) Old regions: 0->1
[2023-02-01T08:29:14.248+0100][gc,heap     ] GC(0) Archive regions: 2->2
[2023-02-01T08:29:14.248+0100][gc,heap     ] GC(0) Humongous regions: 0->0
[2023-02-01T08:29:14.248+0100][gc,metaspace] GC(0) Metaspace: 18645K(18880K)->18645K(18880K) NonClass: 16444K(16576K)->16444K(16576K) Class: 2201K(2304K)->2201K(2304K)
[2023-02-01T08:29:14.248+0100][gc          ] GC(0) Pause Young (Normal) (G1 Evacuation Pause) 51M->7M(1024M) 15.586ms
[2023-02-01T08:29:14.248+0100][gc,cpu      ] GC(0) User=0.02s Sys=0.01s Real=0.01s
[2023-02-01T08:29:14.919+0100][gc,start    ] GC(1) Pause Young (Concurrent Start) (Metadata GC Threshold)
[2023-02-01T08:29:14.919+0100][gc,task     ] GC(1) Using 4 workers of 4 for evacuation
[2023-02-01T08:29:14.934+0100][gc,phases   ] GC(1)   Pre Evacuate Collection Set: 0.2ms
[2023-02-01T08:29:14.934+0100][gc,phases   ] GC(1)   Merge Heap Roots: 0.0ms
[2023-02-01T08:29:14.934+0100][gc,phases   ] GC(1)   Evacuate Collection Set: 14.1ms
[2023-02-01T08:29:14.934+0100][gc,phases   ] GC(1)   Post Evacuate Collection Set: 0.5ms
[2023-02-01T08:29:14.934+0100][gc,phases   ] GC(1)   Other: 0.2ms
[2023-02-01T08:29:14.934+0100][gc,heap     ] GC(1) Eden regions: 13->0(49)
[2023-02-01T08:29:14.934+0100][gc,heap     ] GC(1) Survivor regions: 7->2(7)
[2023-02-01T08:29:14.934+0100][gc,heap     ] GC(1) Old regions: 1->8
[2023-02-01T08:29:14.934+0100][gc,heap     ] GC(1) Archive regions: 2->2
[2023-02-01T08:29:14.934+0100][gc,heap     ] GC(1) Humongous regions: 129->129
[2023-02-01T08:29:14.934+0100][gc,metaspace] GC(1) Metaspace: 21334K(21504K)->21334K(21504K) NonClass: 18798K(18880K)->18798K(18880K) Class: 2535K(2624K)->2535K(2624K)
[2023-02-01T08:29:14.934+0100][gc          ] GC(1) Pause Young (Concurrent Start) (Metadata GC Threshold) 149M->138M(1024M) 15.507ms
[2023-02-01T08:29:14.934+0100][gc,cpu      ] GC(1) User=0.03s Sys=0.00s Real=0.02s
[2023-02-01T08:29:14.934+0100][gc          ] GC(2) Concurrent Mark Cycle
[2023-02-01T08:29:14.935+0100][gc,marking  ] GC(2) Concurrent Clear Claimed Marks
[2023-02-01T08:29:14.935+0100][gc,marking  ] GC(2) Concurrent Clear Claimed Marks 0.029ms
[2023-02-01T08:29:14.935+0100][gc,marking  ] GC(2) Concurrent Scan Root Regions
[2023-02-01T08:29:14.947+0100][gc,marking  ] GC(2) Concurrent Scan Root Regions 12.885ms
[2023-02-01T08:29:14.948+0100][gc,marking  ] GC(2) Concurrent Mark
[2023-02-01T08:29:14.948+0100][gc,marking  ] GC(2) Concurrent Mark From Roots
[2023-02-01T08:29:14.948+0100][gc,task     ] GC(2) Using 1 workers of 1 for marking
[2023-02-01T08:29:14.961+0100][gc,marking  ] GC(2) Concurrent Mark From Roots 13.262ms
[2023-02-01T08:29:14.961+0100][gc,marking  ] GC(2) Concurrent Preclean
[2023-02-01T08:29:14.961+0100][gc,marking  ] GC(2) Concurrent Preclean 0.025ms
[2023-02-01T08:29:14.961+0100][gc,start    ] GC(2) Pause Remark
[2023-02-01T08:29:14.963+0100][gc          ] GC(2) Pause Remark 139M->139M(1024M) 1.708ms
[2023-02-01T08:29:14.963+0100][gc,cpu      ] GC(2) User=0.01s Sys=0.00s Real=0.00s
[2023-02-01T08:29:14.963+0100][gc,marking  ] GC(2) Concurrent Mark 15.320ms
[2023-02-01T08:29:14.963+0100][gc,marking  ] GC(2) Concurrent Rebuild Remembered Sets
[2023-02-01T08:29:14.975+0100][gc,marking  ] GC(2) Concurrent Rebuild Remembered Sets 11.789ms
[2023-02-01T08:29:14.978+0100][gc,start    ] GC(2) Pause Cleanup
[2023-02-01T08:29:14.978+0100][gc          ] GC(2) Pause Cleanup 139M->139M(1024M) 0.246ms
[2023-02-01T08:29:14.978+0100][gc,cpu      ] GC(2) User=0.00s Sys=0.00s Real=0.00s
[2023-02-01T08:29:14.978+0100][gc,marking  ] GC(2) Concurrent Cleanup for Next Mark
[2023-02-01T08:29:14.995+0100][gc,marking  ] GC(2) Concurrent Cleanup for Next Mark 16.758ms
[2023-02-01T08:29:14.995+0100][gc          ] GC(2) Concurrent Mark Cycle 60.786ms
[2023-02-01T08:29:16.420+0100][gc,start    ] GC(3) Pause Young (Normal) (G1 Evacuation Pause)
[2023-02-01T08:29:16.420+0100][gc,task     ] GC(3) Using 4 workers of 4 for evacuation
[2023-02-01T08:29:16.429+0100][gc,phases   ] GC(3)   Pre Evacuate Collection Set: 0.1ms
[2023-02-01T08:29:16.429+0100][gc,phases   ] GC(3)   Merge Heap Roots: 0.1ms
[2023-02-01T08:29:16.429+0100][gc,phases   ] GC(3)   Evacuate Collection Set: 7.6ms
[2023-02-01T08:29:16.429+0100][gc,phases   ] GC(3)   Post Evacuate Collection Set: 0.7ms
[2023-02-01T08:29:16.429+0100][gc,phases   ] GC(3)   Other: 0.1ms
[2023-02-01T08:29:16.429+0100][gc,heap     ] GC(3) Eden regions: 49->0(45)
[2023-02-01T08:29:16.429+0100][gc,heap     ] GC(3) Survivor regions: 2->6(7)
[2023-02-01T08:29:16.429+0100][gc,heap     ] GC(3) Old regions: 8->8
[2023-02-01T08:29:16.429+0100][gc,heap     ] GC(3) Archive regions: 2->2
[2023-02-01T08:29:16.430+0100][gc,heap     ] GC(3) Humongous regions: 129->129
[2023-02-01T08:29:16.430+0100][gc,metaspace] GC(3) Metaspace: 32638K(32960K)->32638K(32960K) NonClass: 29020K(29184K)->29020K(29184K) Class: 3618K(3776K)->3618K(3776K)
[2023-02-01T08:29:16.430+0100][gc          ] GC(3) Pause Young (Normal) (G1 Evacuation Pause) 187M->142M(1024M) 9.276ms
[2023-02-01T08:29:16.430+0100][gc,cpu      ] GC(3) User=0.03s Sys=0.00s Real=0.01s
[2023-02-01T08:51:22.648+0100][gc,start    ] GC(4) Pause Young (Concurrent Start) (Metadata GC Threshold)
[2023-02-01T08:51:22.653+0100][gc,task     ] GC(4) Using 4 workers of 4 for evacuation
[2023-02-01T08:51:22.678+0100][gc,mmu      ] GC(4) MMU target violated: 21.0ms (20.0ms/21.0ms)
[2023-02-01T08:51:22.678+0100][gc,phases   ] GC(4)   Pre Evacuate Collection Set: 1.3ms
[2023-02-01T08:51:22.678+0100][gc,phases   ] GC(4)   Merge Heap Roots: 0.2ms
[2023-02-01T08:51:22.678+0100][gc,phases   ] GC(4)   Evacuate Collection Set: 22.5ms
[2023-02-01T08:51:22.678+0100][gc,phases   ] GC(4)   Post Evacuate Collection Set: 0.7ms
[2023-02-01T08:51:22.678+0100][gc,phases   ] GC(4)   Other: 0.2ms
[2023-02-01T08:51:22.678+0100][gc,heap     ] GC(4) Eden regions: 24->0(49)
[2023-02-01T08:51:22.678+0100][gc,heap     ] GC(4) Survivor regions: 6->2(7)
[2023-02-01T08:51:22.678+0100][gc,heap     ] GC(4) Old regions: 8->13
[2023-02-01T08:51:22.678+0100][gc,heap     ] GC(4) Archive regions: 2->2
[2023-02-01T08:51:22.678+0100][gc,heap     ] GC(4) Humongous regions: 129->129
[2023-02-01T08:51:22.678+0100][gc,metaspace] GC(4) Metaspace: 35811K(36160K)->35811K(36160K) NonClass: 31672K(31872K)->31672K(31872K) Class: 4138K(4288K)->4138K(4288K)
[2023-02-01T08:51:22.678+0100][gc          ] GC(4) Pause Young (Concurrent Start) (Metadata GC Threshold) 165M->143M(1024M) 30.542ms
[2023-02-01T08:51:22.678+0100][gc,cpu      ] GC(4) User=0.03s Sys=0.03s Real=0.03s
[2023-02-01T08:51:22.678+0100][gc          ] GC(5) Concurrent Mark Cycle
[2023-02-01T08:51:22.678+0100][gc,marking  ] GC(5) Concurrent Clear Claimed Marks
[2023-02-01T08:51:22.678+0100][gc,marking  ] GC(5) Concurrent Clear Claimed Marks 0.047ms
[2023-02-01T08:51:22.678+0100][gc,marking  ] GC(5) Concurrent Scan Root Regions
[2023-02-01T08:51:22.687+0100][gc,marking  ] GC(5) Concurrent Scan Root Regions 8.852ms
[2023-02-01T08:51:22.687+0100][gc,marking  ] GC(5) Concurrent Mark
[2023-02-01T08:51:22.687+0100][gc,marking  ] GC(5) Concurrent Mark From Roots
[2023-02-01T08:51:22.687+0100][gc,task     ] GC(5) Using 1 workers of 1 for marking
[2023-02-01T08:51:22.734+0100][gc,marking  ] GC(5) Concurrent Mark From Roots 47.041ms
[2023-02-01T08:51:22.734+0100][gc,marking  ] GC(5) Concurrent Preclean
[2023-02-01T08:51:22.735+0100][gc,marking  ] GC(5) Concurrent Preclean 0.238ms
[2023-02-01T08:51:22.737+0100][gc,start    ] GC(5) Pause Remark
[2023-02-01T08:51:22.789+0100][gc,mmu      ] GC(5) MMU target violated: 21.0ms (20.0ms/21.0ms)
[2023-02-01T08:51:22.789+0100][gc          ] GC(5) Pause Remark 144M->144M(1024M) 52.421ms
[2023-02-01T08:51:22.789+0100][gc,cpu      ] GC(5) User=0.02s Sys=0.06s Real=0.05s
[2023-02-01T08:51:22.801+0100][gc,marking  ] GC(5) Concurrent Mark 113.932ms
[2023-02-01T08:51:22.801+0100][gc,marking  ] GC(5) Concurrent Rebuild Remembered Sets
[2023-02-01T08:51:22.819+0100][gc,marking  ] GC(5) Concurrent Rebuild Remembered Sets 17.214ms
[2023-02-01T08:51:22.820+0100][gc,start    ] GC(5) Pause Cleanup
[2023-02-01T08:51:22.820+0100][gc          ] GC(5) Pause Cleanup 145M->145M(1024M) 0.263ms
[2023-02-01T08:51:22.820+0100][gc,cpu      ] GC(5) User=0.00s Sys=0.00s Real=0.00s
[2023-02-01T08:51:22.828+0100][gc,marking  ] GC(5) Concurrent Cleanup for Next Mark
[2023-02-01T08:51:22.871+0100][gc,marking  ] GC(5) Concurrent Cleanup for Next Mark 42.880ms
[2023-02-01T08:51:22.871+0100][gc          ] GC(5) Concurrent Mark Cycle 193.018ms
[2023-02-01T08:53:31.411+0100][gc,start    ] GC(6) Pause Young (Normal) (G1 Evacuation Pause)
[2023-02-01T08:53:31.411+0100][gc,task     ] GC(6) Using 4 workers of 4 for evacuation
[2023-02-01T08:53:31.435+0100][gc,mmu      ] GC(6) MMU target violated: 21.0ms (20.0ms/21.0ms)
[2023-02-01T08:53:31.435+0100][gc,phases   ] GC(6)   Pre Evacuate Collection Set: 0.8ms
[2023-02-01T08:53:31.435+0100][gc,phases   ] GC(6)   Merge Heap Roots: 0.3ms
[2023-02-01T08:53:31.435+0100][gc,phases   ] GC(6)   Evacuate Collection Set: 21.5ms
[2023-02-01T08:53:31.435+0100][gc,phases   ] GC(6)   Post Evacuate Collection Set: 0.9ms
[2023-02-01T08:53:31.435+0100][gc,phases   ] GC(6)   Other: 0.3ms
[2023-02-01T08:53:31.435+0100][gc,heap     ] GC(6) Eden regions: 49->0(47)
[2023-02-01T08:53:31.435+0100][gc,heap     ] GC(6) Survivor regions: 2->4(7)
[2023-02-01T08:53:31.435+0100][gc,heap     ] GC(6) Old regions: 13->13
[2023-02-01T08:53:31.435+0100][gc,heap     ] GC(6) Archive regions: 2->2
[2023-02-01T08:53:31.435+0100][gc,heap     ] GC(6) Humongous regions: 129->129
[2023-02-01T08:53:31.435+0100][gc,metaspace] GC(6) Metaspace: 40645K(41408K)->40645K(41408K) NonClass: 35744K(36160K)->35744K(36160K) Class: 4901K(5248K)->4901K(5248K)
[2023-02-01T08:53:31.435+0100][gc          ] GC(6) Pause Young (Normal) (G1 Evacuation Pause) 192M->146M(1024M) 24.319ms
[2023-02-01T08:53:31.435+0100][gc,cpu      ] GC(6) User=0.03s Sys=0.03s Real=0.02s
[2023-02-01T08:57:57.827+0100][gc,start    ] GC(7) Pause Young (Normal) (G1 Evacuation Pause)
[2023-02-01T08:57:57.830+0100][gc,task     ] GC(7) Using 4 workers of 4 for evacuation
[2023-02-01T08:57:57.866+0100][gc,mmu      ] GC(7) MMU target violated: 21.0ms (20.0ms/21.0ms)
[2023-02-01T08:57:57.867+0100][gc,phases   ] GC(7)   Pre Evacuate Collection Set: 1.2ms
[2023-02-01T08:57:57.867+0100][gc,phases   ] GC(7)   Merge Heap Roots: 0.3ms
[2023-02-01T08:57:57.867+0100][gc,phases   ] GC(7)   Evacuate Collection Set: 33.6ms
[2023-02-01T08:57:57.867+0100][gc,phases   ] GC(7)   Post Evacuate Collection Set: 1.1ms
[2023-02-01T08:57:57.867+0100][gc,phases   ] GC(7)   Other: 0.3ms
[2023-02-01T08:57:57.867+0100][gc,heap     ] GC(7) Eden regions: 47->0(46)
[2023-02-01T08:57:57.867+0100][gc,heap     ] GC(7) Survivor regions: 4->5(7)
[2023-02-01T08:57:57.867+0100][gc,heap     ] GC(7) Old regions: 13->14
[2023-02-01T08:57:57.867+0100][gc,heap     ] GC(7) Archive regions: 2->2
[2023-02-01T08:57:57.867+0100][gc,heap     ] GC(7) Humongous regions: 129->129
[2023-02-01T08:57:57.867+0100][gc,metaspace] GC(7) Metaspace: 41790K(42624K)->41790K(42624K) NonClass: 36775K(37248K)->36775K(37248K) Class: 5014K(5376K)->5014K(5376K)
[2023-02-01T08:57:57.867+0100][gc          ] GC(7) Pause Young (Normal) (G1 Evacuation Pause) 193M->147M(1024M) 40.308ms
[2023-02-01T08:57:57.867+0100][gc,cpu      ] GC(7) User=0.04s Sys=0.05s Real=0.04s
[2023-02-01T09:01:20.599+0100][gc,heap,exit] Heap
[2023-02-01T09:01:20.600+0100][gc,heap,exit]  garbage-first heap   total 1048576K, used 193710K [0x00000007c0000000, 0x0000000800000000)
[2023-02-01T09:01:20.600+0100][gc,heap,exit]   region size 1024K, 47 young (48128K), 5 survivors (5120K)
[2023-02-01T09:01:20.600+0100][gc,heap,exit]  Metaspace       used 42557K, committed 43328K, reserved 1114112K
[2023-02-01T09:01:20.600+0100][gc,heap,exit]   class space    used 5181K, committed 5504K, reserved 1048576K
