[2023-01-12T15:24:35.478+0100][gc,init] CardTable entry size: 512
[2023-01-12T15:24:35.478+0100][gc     ] Using G1
[2023-01-12T15:24:35.486+0100][gc,init] Version: 18+36-2087 (release)
[2023-01-12T15:24:35.486+0100][gc,init] CPUs: 4 total, 4 available
[2023-01-12T15:24:35.486+0100][gc,init] Memory: 8192M
[2023-01-12T15:24:35.486+0100][gc,init] Large Page Support: Disabled
[2023-01-12T15:24:35.486+0100][gc,init] NUMA Support: Disabled
[2023-01-12T15:24:35.486+0100][gc,init] Compressed Oops: Enabled (Zero based)
[2023-01-12T15:24:35.486+0100][gc,init] Heap Region Size: 1M
[2023-01-12T15:24:35.486+0100][gc,init] Heap Min Capacity: 1G
[2023-01-12T15:24:35.486+0100][gc,init] Heap Initial Capacity: 1G
[2023-01-12T15:24:35.486+0100][gc,init] Heap Max Capacity: 1G
[2023-01-12T15:24:35.486+0100][gc,init] Pre-touch: Disabled
[2023-01-12T15:24:35.486+0100][gc,init] Parallel Workers: 4
[2023-01-12T15:24:35.486+0100][gc,init] Concurrent Workers: 1
[2023-01-12T15:24:35.486+0100][gc,init] Concurrent Refinement Workers: 4
[2023-01-12T15:24:35.486+0100][gc,init] Periodic GC: Disabled
[2023-01-12T15:24:35.487+0100][gc,metaspace] CDS archive(s) mapped at: [0x0000000800000000-0x0000000800ba8000-0x0000000800ba8000), size 12222464, SharedBaseAddress: 0x0000000800000000, ArchiveRelocationMode: 0.
[2023-01-12T15:24:35.487+0100][gc,metaspace] Compressed class space mapped at: 0x0000000800c00000-0x0000000840c00000, reserved size: 1073741824
[2023-01-12T15:24:35.487+0100][gc,metaspace] Narrow klass base: 0x0000000800000000, Narrow klass shift: 0, Narrow klass range: 0x100000000
[2023-01-12T15:24:37.630+0100][gc,start    ] GC(0) Pause Young (Normal) (G1 Evacuation Pause)
[2023-01-12T15:24:37.631+0100][gc,task     ] GC(0) Using 4 workers of 4 for evacuation
[2023-01-12T15:24:37.654+0100][gc,mmu      ] GC(0) MMU target violated: 21.0ms (20.0ms/21.0ms)
[2023-01-12T15:24:37.654+0100][gc,phases   ] GC(0)   Pre Evacuate Collection Set: 0.1ms
[2023-01-12T15:24:37.654+0100][gc,phases   ] GC(0)   Merge Heap Roots: 0.1ms
[2023-01-12T15:24:37.654+0100][gc,phases   ] GC(0)   Evacuate Collection Set: 21.5ms
[2023-01-12T15:24:37.654+0100][gc,phases   ] GC(0)   Post Evacuate Collection Set: 0.9ms
[2023-01-12T15:24:37.654+0100][gc,phases   ] GC(0)   Other: 0.6ms
[2023-01-12T15:24:37.654+0100][gc,heap     ] GC(0) Eden regions: 51->0(44)
[2023-01-12T15:24:37.654+0100][gc,heap     ] GC(0) Survivor regions: 0->7(7)
[2023-01-12T15:24:37.654+0100][gc,heap     ] GC(0) Old regions: 0->1
[2023-01-12T15:24:37.654+0100][gc,heap     ] GC(0) Archive regions: 2->2
[2023-01-12T15:24:37.654+0100][gc,heap     ] GC(0) Humongous regions: 0->0
[2023-01-12T15:24:37.654+0100][gc,metaspace] GC(0) Metaspace: 18616K(18880K)->18616K(18880K) NonClass: 16416K(16576K)->16416K(16576K) Class: 2199K(2304K)->2199K(2304K)
[2023-01-12T15:24:37.654+0100][gc          ] GC(0) Pause Young (Normal) (G1 Evacuation Pause) 51M->8M(1024M) 23.713ms
[2023-01-12T15:24:37.654+0100][gc,cpu      ] GC(0) User=0.03s Sys=0.01s Real=0.02s
[2023-01-12T15:24:37.982+0100][gc,start    ] GC(1) Pause Young (Concurrent Start) (Metadata GC Threshold)
[2023-01-12T15:24:37.982+0100][gc,task     ] GC(1) Using 4 workers of 4 for evacuation
[2023-01-12T15:24:37.993+0100][gc,phases   ] GC(1)   Pre Evacuate Collection Set: 0.1ms
[2023-01-12T15:24:37.993+0100][gc,phases   ] GC(1)   Merge Heap Roots: 0.1ms
[2023-01-12T15:24:37.993+0100][gc,phases   ] GC(1)   Evacuate Collection Set: 10.5ms
[2023-01-12T15:24:37.993+0100][gc,phases   ] GC(1)   Post Evacuate Collection Set: 0.5ms
[2023-01-12T15:24:37.993+0100][gc,phases   ] GC(1)   Other: 0.1ms
[2023-01-12T15:24:37.993+0100][gc,heap     ] GC(1) Eden regions: 10->0(50)
[2023-01-12T15:24:37.993+0100][gc,heap     ] GC(1) Survivor regions: 7->1(7)
[2023-01-12T15:24:37.993+0100][gc,heap     ] GC(1) Old regions: 1->8
[2023-01-12T15:24:37.993+0100][gc,heap     ] GC(1) Archive regions: 2->2
[2023-01-12T15:24:37.993+0100][gc,heap     ] GC(1) Humongous regions: 0->0
[2023-01-12T15:24:37.993+0100][gc,metaspace] GC(1) Metaspace: 21204K(21504K)->21204K(21504K) NonClass: 18686K(18816K)->18686K(18816K) Class: 2517K(2688K)->2517K(2688K)
[2023-01-12T15:24:37.993+0100][gc          ] GC(1) Pause Young (Concurrent Start) (Metadata GC Threshold) 18M->9M(1024M) 11.506ms
[2023-01-12T15:24:37.993+0100][gc          ] GC(2) Concurrent Mark Cycle
[2023-01-12T15:24:37.993+0100][gc,cpu      ] GC(1) User=0.02s Sys=0.01s Real=0.01s
[2023-01-12T15:24:37.993+0100][gc,marking  ] GC(2) Concurrent Clear Claimed Marks
[2023-01-12T15:24:37.993+0100][gc,marking  ] GC(2) Concurrent Clear Claimed Marks 0.045ms
[2023-01-12T15:24:37.993+0100][gc,marking  ] GC(2) Concurrent Scan Root Regions
[2023-01-12T15:24:38.003+0100][gc,marking  ] GC(2) Concurrent Scan Root Regions 9.978ms
[2023-01-12T15:24:38.003+0100][gc,marking  ] GC(2) Concurrent Mark
[2023-01-12T15:24:38.003+0100][gc,marking  ] GC(2) Concurrent Mark From Roots
[2023-01-12T15:24:38.003+0100][gc,task     ] GC(2) Using 1 workers of 1 for marking
[2023-01-12T15:24:38.011+0100][gc,marking  ] GC(2) Concurrent Mark From Roots 7.760ms
[2023-01-12T15:24:38.011+0100][gc,marking  ] GC(2) Concurrent Preclean
[2023-01-12T15:24:38.011+0100][gc,marking  ] GC(2) Concurrent Preclean 0.074ms
[2023-01-12T15:24:38.012+0100][gc,start    ] GC(2) Pause Remark
[2023-01-12T15:24:38.015+0100][gc          ] GC(2) Pause Remark 9M->9M(1024M) 3.196ms
[2023-01-12T15:24:38.015+0100][gc,cpu      ] GC(2) User=0.00s Sys=0.00s Real=0.00s
[2023-01-12T15:24:38.015+0100][gc,marking  ] GC(2) Concurrent Mark 11.479ms
[2023-01-12T15:24:38.015+0100][gc,marking  ] GC(2) Concurrent Rebuild Remembered Sets
[2023-01-12T15:24:38.024+0100][gc,marking  ] GC(2) Concurrent Rebuild Remembered Sets 9.108ms
[2023-01-12T15:24:38.024+0100][gc,start    ] GC(2) Pause Cleanup
[2023-01-12T15:24:38.024+0100][gc          ] GC(2) Pause Cleanup 9M->9M(1024M) 0.118ms
[2023-01-12T15:24:38.024+0100][gc,cpu      ] GC(2) User=0.00s Sys=0.00s Real=0.00s
[2023-01-12T15:24:38.024+0100][gc,marking  ] GC(2) Concurrent Cleanup for Next Mark
[2023-01-12T15:24:38.037+0100][gc,marking  ] GC(2) Concurrent Cleanup for Next Mark 12.870ms
[2023-01-12T15:24:38.038+0100][gc          ] GC(2) Concurrent Mark Cycle 44.324ms
[2023-01-12T15:24:39.526+0100][gc,heap,exit] Heap
[2023-01-12T15:24:39.526+0100][gc,heap,exit]  garbage-first heap   total 1048576K, used 190022K [0x00000007c0000000, 0x0000000800000000)
[2023-01-12T15:24:39.526+0100][gc,heap,exit]   region size 1024K, 49 young (50176K), 1 survivors (1024K)
[2023-01-12T15:24:39.526+0100][gc,heap,exit]  Metaspace       used 30872K, committed 31168K, reserved 1114112K
[2023-01-12T15:24:39.526+0100][gc,heap,exit]   class space    used 3562K, committed 3712K, reserved 1048576K
