[2023-01-12T15:24:56.741+0100][gc,init] CardTable entry size: 512
[2023-01-12T15:24:56.741+0100][gc     ] Using G1
[2023-01-12T15:24:56.748+0100][gc,init] Version: 18+36-2087 (release)
[2023-01-12T15:24:56.748+0100][gc,init] CPUs: 4 total, 4 available
[2023-01-12T15:24:56.748+0100][gc,init] Memory: 8192M
[2023-01-12T15:24:56.748+0100][gc,init] Large Page Support: Disabled
[2023-01-12T15:24:56.748+0100][gc,init] NUMA Support: Disabled
[2023-01-12T15:24:56.748+0100][gc,init] Compressed Oops: Enabled (Zero based)
[2023-01-12T15:24:56.748+0100][gc,init] Heap Region Size: 1M
[2023-01-12T15:24:56.748+0100][gc,init] Heap Min Capacity: 1G
[2023-01-12T15:24:56.748+0100][gc,init] Heap Initial Capacity: 1G
[2023-01-12T15:24:56.748+0100][gc,init] Heap Max Capacity: 1G
[2023-01-12T15:24:56.748+0100][gc,init] Pre-touch: Disabled
[2023-01-12T15:24:56.748+0100][gc,init] Parallel Workers: 4
[2023-01-12T15:24:56.748+0100][gc,init] Concurrent Workers: 1
[2023-01-12T15:24:56.748+0100][gc,init] Concurrent Refinement Workers: 4
[2023-01-12T15:24:56.748+0100][gc,init] Periodic GC: Disabled
[2023-01-12T15:24:56.748+0100][gc,metaspace] CDS archive(s) mapped at: [0x0000000800000000-0x0000000800ba8000-0x0000000800ba8000), size 12222464, SharedBaseAddress: 0x0000000800000000, ArchiveRelocationMode: 0.
[2023-01-12T15:24:56.748+0100][gc,metaspace] Compressed class space mapped at: 0x0000000800c00000-0x0000000840c00000, reserved size: 1073741824
[2023-01-12T15:24:56.748+0100][gc,metaspace] Narrow klass base: 0x0000000800000000, Narrow klass shift: 0, Narrow klass range: 0x100000000
[2023-01-12T15:24:58.260+0100][gc,start    ] GC(0) Pause Young (Normal) (G1 Evacuation Pause)
[2023-01-12T15:24:58.260+0100][gc,task     ] GC(0) Using 4 workers of 4 for evacuation
[2023-01-12T15:24:58.269+0100][gc,phases   ] GC(0)   Pre Evacuate Collection Set: 0.1ms
[2023-01-12T15:24:58.269+0100][gc,phases   ] GC(0)   Merge Heap Roots: 0.1ms
[2023-01-12T15:24:58.269+0100][gc,phases   ] GC(0)   Evacuate Collection Set: 7.9ms
[2023-01-12T15:24:58.269+0100][gc,phases   ] GC(0)   Post Evacuate Collection Set: 0.6ms
[2023-01-12T15:24:58.269+0100][gc,phases   ] GC(0)   Other: 0.3ms
[2023-01-12T15:24:58.269+0100][gc,heap     ] GC(0) Eden regions: 51->0(44)
[2023-01-12T15:24:58.269+0100][gc,heap     ] GC(0) Survivor regions: 0->7(7)
[2023-01-12T15:24:58.269+0100][gc,heap     ] GC(0) Old regions: 0->0
[2023-01-12T15:24:58.269+0100][gc,heap     ] GC(0) Archive regions: 2->2
[2023-01-12T15:24:58.269+0100][gc,heap     ] GC(0) Humongous regions: 0->0
[2023-01-12T15:24:58.269+0100][gc,metaspace] GC(0) Metaspace: 18295K(18496K)->18295K(18496K) NonClass: 16147K(16256K)->16147K(16256K) Class: 2147K(2240K)->2147K(2240K)
[2023-01-12T15:24:58.269+0100][gc          ] GC(0) Pause Young (Normal) (G1 Evacuation Pause) 51M->7M(1024M) 9.408ms
[2023-01-12T15:24:58.269+0100][gc,cpu      ] GC(0) User=0.03s Sys=0.01s Real=0.00s
[2023-01-12T15:24:58.567+0100][gc,start    ] GC(1) Pause Young (Concurrent Start) (Metadata GC Threshold)
[2023-01-12T15:24:58.567+0100][gc,task     ] GC(1) Using 4 workers of 4 for evacuation
[2023-01-12T15:24:58.577+0100][gc,phases   ] GC(1)   Pre Evacuate Collection Set: 0.1ms
[2023-01-12T15:24:58.577+0100][gc,phases   ] GC(1)   Merge Heap Roots: 0.2ms
[2023-01-12T15:24:58.577+0100][gc,phases   ] GC(1)   Evacuate Collection Set: 8.3ms
[2023-01-12T15:24:58.577+0100][gc,phases   ] GC(1)   Post Evacuate Collection Set: 0.5ms
[2023-01-12T15:24:58.577+0100][gc,phases   ] GC(1)   Other: 0.1ms
[2023-01-12T15:24:58.577+0100][gc,heap     ] GC(1) Eden regions: 12->0(49)
[2023-01-12T15:24:58.577+0100][gc,heap     ] GC(1) Survivor regions: 7->2(7)
[2023-01-12T15:24:58.577+0100][gc,heap     ] GC(1) Old regions: 0->7
[2023-01-12T15:24:58.577+0100][gc,heap     ] GC(1) Archive regions: 2->2
[2023-01-12T15:24:58.577+0100][gc,heap     ] GC(1) Humongous regions: 0->0
[2023-01-12T15:24:58.577+0100][gc,metaspace] GC(1) Metaspace: 21208K(21504K)->21208K(21504K) NonClass: 18689K(18816K)->18689K(18816K) Class: 2518K(2688K)->2518K(2688K)
[2023-01-12T15:24:58.577+0100][gc          ] GC(1) Pause Young (Concurrent Start) (Metadata GC Threshold) 19M->9M(1024M) 9.454ms
[2023-01-12T15:24:58.577+0100][gc,cpu      ] GC(1) User=0.02s Sys=0.01s Real=0.01s
[2023-01-12T15:24:58.577+0100][gc          ] GC(2) Concurrent Mark Cycle
[2023-01-12T15:24:58.577+0100][gc,marking  ] GC(2) Concurrent Clear Claimed Marks
[2023-01-12T15:24:58.577+0100][gc,marking  ] GC(2) Concurrent Clear Claimed Marks 0.023ms
[2023-01-12T15:24:58.577+0100][gc,marking  ] GC(2) Concurrent Scan Root Regions
[2023-01-12T15:24:58.583+0100][gc,marking  ] GC(2) Concurrent Scan Root Regions 6.066ms
[2023-01-12T15:24:58.583+0100][gc,marking  ] GC(2) Concurrent Mark
[2023-01-12T15:24:58.583+0100][gc,marking  ] GC(2) Concurrent Mark From Roots
[2023-01-12T15:24:58.583+0100][gc,task     ] GC(2) Using 1 workers of 1 for marking
[2023-01-12T15:24:58.585+0100][gc,marking  ] GC(2) Concurrent Mark From Roots 1.602ms
[2023-01-12T15:24:58.585+0100][gc,marking  ] GC(2) Concurrent Preclean
[2023-01-12T15:24:58.585+0100][gc,marking  ] GC(2) Concurrent Preclean 0.020ms
[2023-01-12T15:24:58.585+0100][gc,start    ] GC(2) Pause Remark
[2023-01-12T15:24:58.587+0100][gc          ] GC(2) Pause Remark 9M->9M(1024M) 2.042ms
[2023-01-12T15:24:58.587+0100][gc,cpu      ] GC(2) User=0.00s Sys=0.00s Real=0.00s
[2023-01-12T15:24:58.587+0100][gc,marking  ] GC(2) Concurrent Mark 3.988ms
[2023-01-12T15:24:58.587+0100][gc,marking  ] GC(2) Concurrent Rebuild Remembered Sets
[2023-01-12T15:24:58.587+0100][gc,marking  ] GC(2) Concurrent Rebuild Remembered Sets 0.010ms
[2023-01-12T15:24:58.587+0100][gc,start    ] GC(2) Pause Cleanup
[2023-01-12T15:24:58.587+0100][gc          ] GC(2) Pause Cleanup 9M->9M(1024M) 0.032ms
[2023-01-12T15:24:58.587+0100][gc,cpu      ] GC(2) User=0.00s Sys=0.00s Real=0.00s
[2023-01-12T15:24:58.587+0100][gc,marking  ] GC(2) Concurrent Cleanup for Next Mark
[2023-01-12T15:24:58.599+0100][gc,marking  ] GC(2) Concurrent Cleanup for Next Mark 11.468ms
[2023-01-12T15:24:58.599+0100][gc          ] GC(2) Concurrent Mark Cycle 21.941ms
[2023-01-12T15:24:59.703+0100][gc,start    ] GC(3) Pause Young (Normal) (G1 Evacuation Pause)
[2023-01-12T15:24:59.703+0100][gc,task     ] GC(3) Using 4 workers of 4 for evacuation
[2023-01-12T15:24:59.710+0100][gc,phases   ] GC(3)   Pre Evacuate Collection Set: 0.1ms
[2023-01-12T15:24:59.710+0100][gc,phases   ] GC(3)   Merge Heap Roots: 0.0ms
[2023-01-12T15:24:59.710+0100][gc,phases   ] GC(3)   Evacuate Collection Set: 6.4ms
[2023-01-12T15:24:59.710+0100][gc,phases   ] GC(3)   Post Evacuate Collection Set: 0.5ms
[2023-01-12T15:24:59.710+0100][gc,phases   ] GC(3)   Other: 0.1ms
[2023-01-12T15:24:59.710+0100][gc,heap     ] GC(3) Eden regions: 49->0(45)
[2023-01-12T15:24:59.710+0100][gc,heap     ] GC(3) Survivor regions: 2->6(7)
[2023-01-12T15:24:59.710+0100][gc,heap     ] GC(3) Old regions: 7->7
[2023-01-12T15:24:59.710+0100][gc,heap     ] GC(3) Archive regions: 2->2
[2023-01-12T15:24:59.710+0100][gc,heap     ] GC(3) Humongous regions: 129->129
[2023-01-12T15:24:59.710+0100][gc,metaspace] GC(3) Metaspace: 32574K(32832K)->32574K(32832K) NonClass: 28959K(29120K)->28959K(29120K) Class: 3615K(3712K)->3615K(3712K)
[2023-01-12T15:24:59.711+0100][gc          ] GC(3) Pause Young (Normal) (G1 Evacuation Pause) 187M->142M(1024M) 7.287ms
[2023-01-12T15:24:59.711+0100][gc,cpu      ] GC(3) User=0.02s Sys=0.00s Real=0.01s
[2023-01-12T15:24:59.977+0100][gc,start    ] GC(4) Pause Young (Concurrent Start) (Metadata GC Threshold)
[2023-01-12T15:24:59.977+0100][gc,task     ] GC(4) Using 4 workers of 4 for evacuation
[2023-01-12T15:24:59.988+0100][gc,phases   ] GC(4)   Pre Evacuate Collection Set: 0.1ms
[2023-01-12T15:24:59.988+0100][gc,phases   ] GC(4)   Merge Heap Roots: 0.1ms
[2023-01-12T15:24:59.988+0100][gc,phases   ] GC(4)   Evacuate Collection Set: 9.9ms
[2023-01-12T15:24:59.988+0100][gc,phases   ] GC(4)   Post Evacuate Collection Set: 0.6ms
[2023-01-12T15:24:59.988+0100][gc,phases   ] GC(4)   Other: 0.1ms
[2023-01-12T15:24:59.988+0100][gc,heap     ] GC(4) Eden regions: 14->0(49)
[2023-01-12T15:24:59.988+0100][gc,heap     ] GC(4) Survivor regions: 6->2(7)
[2023-01-12T15:24:59.988+0100][gc,heap     ] GC(4) Old regions: 7->13
[2023-01-12T15:24:59.988+0100][gc,heap     ] GC(4) Archive regions: 2->2
[2023-01-12T15:24:59.988+0100][gc,heap     ] GC(4) Humongous regions: 129->129
[2023-01-12T15:24:59.988+0100][gc,metaspace] GC(4) Metaspace: 35606K(35968K)->35606K(35968K) NonClass: 31562K(31744K)->31562K(31744K) Class: 4044K(4224K)->4044K(4224K)
[2023-01-12T15:24:59.988+0100][gc          ] GC(4) Pause Young (Concurrent Start) (Metadata GC Threshold) 156M->143M(1024M) 10.997ms
[2023-01-12T15:24:59.988+0100][gc,cpu      ] GC(4) User=0.03s Sys=0.01s Real=0.01s
[2023-01-12T15:24:59.988+0100][gc          ] GC(5) Concurrent Mark Cycle
[2023-01-12T15:24:59.988+0100][gc,marking  ] GC(5) Concurrent Clear Claimed Marks
[2023-01-12T15:24:59.988+0100][gc,marking  ] GC(5) Concurrent Clear Claimed Marks 0.030ms
[2023-01-12T15:24:59.988+0100][gc,marking  ] GC(5) Concurrent Scan Root Regions
[2023-01-12T15:24:59.998+0100][gc,marking  ] GC(5) Concurrent Scan Root Regions 10.153ms
[2023-01-12T15:24:59.998+0100][gc,marking  ] GC(5) Concurrent Mark
[2023-01-12T15:24:59.998+0100][gc,marking  ] GC(5) Concurrent Mark From Roots
[2023-01-12T15:24:59.998+0100][gc,task     ] GC(5) Using 1 workers of 1 for marking
[2023-01-12T15:25:00.014+0100][gc,marking  ] GC(5) Concurrent Mark From Roots 15.791ms
[2023-01-12T15:25:00.014+0100][gc,marking  ] GC(5) Concurrent Preclean
[2023-01-12T15:25:00.014+0100][gc,marking  ] GC(5) Concurrent Preclean 0.062ms
[2023-01-12T15:25:00.014+0100][gc,start    ] GC(5) Pause Remark
[2023-01-12T15:25:00.017+0100][gc          ] GC(5) Pause Remark 144M->144M(1024M) 2.180ms
[2023-01-12T15:25:00.017+0100][gc,cpu      ] GC(5) User=0.01s Sys=0.00s Real=0.00s
[2023-01-12T15:25:00.017+0100][gc,marking  ] GC(5) Concurrent Mark 18.401ms
[2023-01-12T15:25:00.017+0100][gc,marking  ] GC(5) Concurrent Rebuild Remembered Sets
[2023-01-12T15:25:00.033+0100][gc,marking  ] GC(5) Concurrent Rebuild Remembered Sets 16.356ms
[2023-01-12T15:25:00.033+0100][gc,start    ] GC(5) Pause Cleanup
[2023-01-12T15:25:00.033+0100][gc          ] GC(5) Pause Cleanup 145M->145M(1024M) 0.213ms
[2023-01-12T15:25:00.033+0100][gc,cpu      ] GC(5) User=0.00s Sys=0.00s Real=0.00s
[2023-01-12T15:25:00.034+0100][gc,marking  ] GC(5) Concurrent Cleanup for Next Mark
[2023-01-12T15:25:00.052+0100][gc,marking  ] GC(5) Concurrent Cleanup for Next Mark 17.942ms
[2023-01-12T15:25:00.052+0100][gc          ] GC(5) Concurrent Mark Cycle 64.468ms
[2023-01-12T18:33:06.464+0100][gc,start    ] GC(6) Pause Young (Normal) (G1 Evacuation Pause)
[2023-01-12T18:33:06.466+0100][gc,task     ] GC(6) Using 4 workers of 4 for evacuation
[2023-01-12T18:33:06.482+0100][gc,phases   ] GC(6)   Pre Evacuate Collection Set: 1.3ms
[2023-01-12T18:33:06.482+0100][gc,phases   ] GC(6)   Merge Heap Roots: 0.2ms
[2023-01-12T18:33:06.482+0100][gc,phases   ] GC(6)   Evacuate Collection Set: 13.6ms
[2023-01-12T18:33:06.482+0100][gc,phases   ] GC(6)   Post Evacuate Collection Set: 0.6ms
[2023-01-12T18:33:06.482+0100][gc,phases   ] GC(6)   Other: 1.0ms
[2023-01-12T18:33:06.482+0100][gc,heap     ] GC(6) Eden regions: 49->0(49)
[2023-01-12T18:33:06.482+0100][gc,heap     ] GC(6) Survivor regions: 2->2(7)
[2023-01-12T18:33:06.482+0100][gc,heap     ] GC(6) Old regions: 13->13
[2023-01-12T18:33:06.482+0100][gc,heap     ] GC(6) Archive regions: 2->2
[2023-01-12T18:33:06.482+0100][gc,heap     ] GC(6) Humongous regions: 129->129
[2023-01-12T18:33:06.482+0100][gc,metaspace] GC(6) Metaspace: 37245K(37632K)->37245K(37632K) NonClass: 32984K(33216K)->32984K(33216K) Class: 4260K(4416K)->4260K(4416K)
[2023-01-12T18:33:06.483+0100][gc          ] GC(6) Pause Young (Normal) (G1 Evacuation Pause) 192M->143M(1024M) 18.112ms
[2023-01-12T18:33:06.483+0100][gc,cpu      ] GC(6) User=0.01s Sys=0.03s Real=0.02s
[2023-01-12T19:42:59.685+0100][gc,start    ] GC(7) Pause Young (Normal) (G1 Evacuation Pause)
[2023-01-12T19:42:59.686+0100][gc,task     ] GC(7) Using 4 workers of 4 for evacuation
[2023-01-12T19:42:59.689+0100][gc,phases   ] GC(7)   Pre Evacuate Collection Set: 0.1ms
[2023-01-12T19:42:59.689+0100][gc,phases   ] GC(7)   Merge Heap Roots: 0.1ms
[2023-01-12T19:42:59.689+0100][gc,phases   ] GC(7)   Evacuate Collection Set: 2.3ms
[2023-01-12T19:42:59.689+0100][gc,phases   ] GC(7)   Post Evacuate Collection Set: 0.4ms
[2023-01-12T19:42:59.689+0100][gc,phases   ] GC(7)   Other: 0.1ms
[2023-01-12T19:42:59.689+0100][gc,heap     ] GC(7) Eden regions: 49->0(49)
[2023-01-12T19:42:59.689+0100][gc,heap     ] GC(7) Survivor regions: 2->2(7)
[2023-01-12T19:42:59.689+0100][gc,heap     ] GC(7) Old regions: 13->13
[2023-01-12T19:42:59.689+0100][gc,heap     ] GC(7) Archive regions: 2->2
[2023-01-12T19:42:59.689+0100][gc,heap     ] GC(7) Humongous regions: 129->129
[2023-01-12T19:42:59.689+0100][gc,metaspace] GC(7) Metaspace: 37389K(37824K)->37389K(37824K) NonClass: 33128K(33408K)->33128K(33408K) Class: 4260K(4416K)->4260K(4416K)
[2023-01-12T19:42:59.690+0100][gc          ] GC(7) Pause Young (Normal) (G1 Evacuation Pause) 192M->143M(1024M) 4.324ms
[2023-01-12T19:42:59.690+0100][gc,cpu      ] GC(7) User=0.00s Sys=0.00s Real=0.01s
[2023-01-12T20:51:41.125+0100][gc,start    ] GC(8) Pause Young (Normal) (G1 Evacuation Pause)
[2023-01-12T20:51:41.126+0100][gc,task     ] GC(8) Using 4 workers of 4 for evacuation
[2023-01-12T20:51:41.148+0100][gc,mmu      ] GC(8) MMU target violated: 21.0ms (20.0ms/21.0ms)
[2023-01-12T20:51:41.148+0100][gc,phases   ] GC(8)   Pre Evacuate Collection Set: 0.5ms
[2023-01-12T20:51:41.148+0100][gc,phases   ] GC(8)   Merge Heap Roots: 0.2ms
[2023-01-12T20:51:41.148+0100][gc,phases   ] GC(8)   Evacuate Collection Set: 19.4ms
[2023-01-12T20:51:41.148+0100][gc,phases   ] GC(8)   Post Evacuate Collection Set: 1.4ms
[2023-01-12T20:51:41.148+0100][gc,phases   ] GC(8)   Other: 0.4ms
[2023-01-12T20:51:41.148+0100][gc,heap     ] GC(8) Eden regions: 49->0(49)
[2023-01-12T20:51:41.148+0100][gc,heap     ] GC(8) Survivor regions: 2->2(7)
[2023-01-12T20:51:41.148+0100][gc,heap     ] GC(8) Old regions: 13->13
[2023-01-12T20:51:41.149+0100][gc,heap     ] GC(8) Archive regions: 2->2
[2023-01-12T20:51:41.150+0100][gc,heap     ] GC(8) Humongous regions: 129->129
[2023-01-12T20:51:41.150+0100][gc,metaspace] GC(8) Metaspace: 37422K(37824K)->37422K(37824K) NonClass: 33161K(33408K)->33161K(33408K) Class: 4260K(4416K)->4260K(4416K)
[2023-01-12T20:51:41.150+0100][gc          ] GC(8) Pause Young (Normal) (G1 Evacuation Pause) 192M->143M(1024M) 25.421ms
[2023-01-12T20:51:41.150+0100][gc,cpu      ] GC(8) User=0.01s Sys=0.01s Real=0.03s
[2023-01-12T22:02:13.328+0100][gc,start    ] GC(9) Pause Young (Normal) (G1 Evacuation Pause)
[2023-01-12T22:02:13.330+0100][gc,task     ] GC(9) Using 4 workers of 4 for evacuation
[2023-01-12T22:02:13.352+0100][gc,mmu      ] GC(9) MMU target violated: 21.0ms (20.0ms/21.0ms)
[2023-01-12T22:02:13.352+0100][gc,phases   ] GC(9)   Pre Evacuate Collection Set: 1.8ms
[2023-01-12T22:02:13.352+0100][gc,phases   ] GC(9)   Merge Heap Roots: 0.2ms
[2023-01-12T22:02:13.352+0100][gc,phases   ] GC(9)   Evacuate Collection Set: 18.9ms
[2023-01-12T22:02:13.352+0100][gc,phases   ] GC(9)   Post Evacuate Collection Set: 0.7ms
[2023-01-12T22:02:13.352+0100][gc,phases   ] GC(9)   Other: 0.4ms
[2023-01-12T22:02:13.352+0100][gc,heap     ] GC(9) Eden regions: 49->0(49)
[2023-01-12T22:02:13.352+0100][gc,heap     ] GC(9) Survivor regions: 2->2(7)
[2023-01-12T22:02:13.352+0100][gc,heap     ] GC(9) Old regions: 13->13
[2023-01-12T22:02:13.352+0100][gc,heap     ] GC(9) Archive regions: 2->2
[2023-01-12T22:02:13.352+0100][gc,heap     ] GC(9) Humongous regions: 129->129
[2023-01-12T22:02:13.352+0100][gc,metaspace] GC(9) Metaspace: 37467K(37888K)->37467K(37888K) NonClass: 33206K(33472K)->33206K(33472K) Class: 4260K(4416K)->4260K(4416K)
[2023-01-12T22:02:13.352+0100][gc          ] GC(9) Pause Young (Normal) (G1 Evacuation Pause) 192M->143M(1024M) 24.037ms
[2023-01-12T22:02:13.352+0100][gc,cpu      ] GC(9) User=0.02s Sys=0.03s Real=0.03s
[2023-01-12T22:46:22.650+0100][gc,heap,exit] Heap
[2023-01-12T22:46:22.651+0100][gc,heap,exit]  garbage-first heap   total 1048576K, used 187118K [0x00000007c0000000, 0x0000000800000000)
[2023-01-12T22:46:22.651+0100][gc,heap,exit]   region size 1024K, 41 young (41984K), 2 survivors (2048K)
[2023-01-12T22:46:22.651+0100][gc,heap,exit]  Metaspace       used 38097K, committed 38528K, reserved 1114112K
[2023-01-12T22:46:22.651+0100][gc,heap,exit]   class space    used 4399K, committed 4608K, reserved 1048576K
