[2023-02-01T09:41:07.714+0100][gc,init] CardTable entry size: 512
[2023-02-01T09:41:07.714+0100][gc     ] Using G1
[2023-02-01T09:41:07.720+0100][gc,init] Version: 18+36-2087 (release)
[2023-02-01T09:41:07.720+0100][gc,init] CPUs: 4 total, 4 available
[2023-02-01T09:41:07.720+0100][gc,init] Memory: 8192M
[2023-02-01T09:41:07.720+0100][gc,init] Large Page Support: Disabled
[2023-02-01T09:41:07.720+0100][gc,init] NUMA Support: Disabled
[2023-02-01T09:41:07.720+0100][gc,init] Compressed Oops: Enabled (Zero based)
[2023-02-01T09:41:07.720+0100][gc,init] Heap Region Size: 1M
[2023-02-01T09:41:07.720+0100][gc,init] Heap Min Capacity: 1G
[2023-02-01T09:41:07.720+0100][gc,init] Heap Initial Capacity: 1G
[2023-02-01T09:41:07.720+0100][gc,init] Heap Max Capacity: 1G
[2023-02-01T09:41:07.720+0100][gc,init] Pre-touch: Disabled
[2023-02-01T09:41:07.720+0100][gc,init] Parallel Workers: 4
[2023-02-01T09:41:07.720+0100][gc,init] Concurrent Workers: 1
[2023-02-01T09:41:07.720+0100][gc,init] Concurrent Refinement Workers: 4
[2023-02-01T09:41:07.720+0100][gc,init] Periodic GC: Disabled
[2023-02-01T09:41:07.721+0100][gc,metaspace] CDS archive(s) mapped at: [0x0000000800000000-0x0000000800ba8000-0x0000000800ba8000), size 12222464, SharedBaseAddress: 0x0000000800000000, ArchiveRelocationMode: 0.
[2023-02-01T09:41:07.721+0100][gc,metaspace] Compressed class space mapped at: 0x0000000800c00000-0x0000000840c00000, reserved size: 1073741824
[2023-02-01T09:41:07.721+0100][gc,metaspace] Narrow klass base: 0x0000000800000000, Narrow klass shift: 0, Narrow klass range: 0x100000000
[2023-02-01T09:41:09.910+0100][gc,start    ] GC(0) Pause Young (Normal) (G1 Evacuation Pause)
[2023-02-01T09:41:09.910+0100][gc,task     ] GC(0) Using 4 workers of 4 for evacuation
[2023-02-01T09:41:09.922+0100][gc,phases   ] GC(0)   Pre Evacuate Collection Set: 0.1ms
[2023-02-01T09:41:09.922+0100][gc,phases   ] GC(0)   Merge Heap Roots: 0.1ms
[2023-02-01T09:41:09.922+0100][gc,phases   ] GC(0)   Evacuate Collection Set: 11.0ms
[2023-02-01T09:41:09.922+0100][gc,phases   ] GC(0)   Post Evacuate Collection Set: 0.9ms
[2023-02-01T09:41:09.922+0100][gc,phases   ] GC(0)   Other: 0.4ms
[2023-02-01T09:41:09.922+0100][gc,heap     ] GC(0) Eden regions: 51->0(44)
[2023-02-01T09:41:09.922+0100][gc,heap     ] GC(0) Survivor regions: 0->7(7)
[2023-02-01T09:41:09.922+0100][gc,heap     ] GC(0) Old regions: 0->0
[2023-02-01T09:41:09.922+0100][gc,heap     ] GC(0) Archive regions: 2->2
[2023-02-01T09:41:09.922+0100][gc,heap     ] GC(0) Humongous regions: 0->0
[2023-02-01T09:41:09.922+0100][gc,metaspace] GC(0) Metaspace: 18301K(18560K)->18301K(18560K) NonClass: 16154K(16320K)->16154K(16320K) Class: 2147K(2240K)->2147K(2240K)
[2023-02-01T09:41:09.922+0100][gc          ] GC(0) Pause Young (Normal) (G1 Evacuation Pause) 51M->7M(1024M) 12.897ms
[2023-02-01T09:41:09.922+0100][gc,cpu      ] GC(0) User=0.03s Sys=0.00s Real=0.01s
[2023-02-01T09:41:10.322+0100][gc,start    ] GC(1) Pause Young (Concurrent Start) (Metadata GC Threshold)
[2023-02-01T09:41:10.322+0100][gc,task     ] GC(1) Using 4 workers of 4 for evacuation
[2023-02-01T09:41:10.333+0100][gc,phases   ] GC(1)   Pre Evacuate Collection Set: 0.2ms
[2023-02-01T09:41:10.333+0100][gc,phases   ] GC(1)   Merge Heap Roots: 0.0ms
[2023-02-01T09:41:10.333+0100][gc,phases   ] GC(1)   Evacuate Collection Set: 9.9ms
[2023-02-01T09:41:10.333+0100][gc,phases   ] GC(1)   Post Evacuate Collection Set: 0.4ms
[2023-02-01T09:41:10.333+0100][gc,phases   ] GC(1)   Other: 0.1ms
[2023-02-01T09:41:10.333+0100][gc,heap     ] GC(1) Eden regions: 12->0(49)
[2023-02-01T09:41:10.333+0100][gc,heap     ] GC(1) Survivor regions: 7->2(7)
[2023-02-01T09:41:10.333+0100][gc,heap     ] GC(1) Old regions: 0->8
[2023-02-01T09:41:10.333+0100][gc,heap     ] GC(1) Archive regions: 2->2
[2023-02-01T09:41:10.333+0100][gc,heap     ] GC(1) Humongous regions: 0->0
[2023-02-01T09:41:10.333+0100][gc,metaspace] GC(1) Metaspace: 21255K(21504K)->21255K(21504K) NonClass: 18724K(18816K)->18724K(18816K) Class: 2531K(2688K)->2531K(2688K)
[2023-02-01T09:41:10.333+0100][gc          ] GC(1) Pause Young (Concurrent Start) (Metadata GC Threshold) 19M->9M(1024M) 10.890ms
[2023-02-01T09:41:10.333+0100][gc,cpu      ] GC(1) User=0.02s Sys=0.01s Real=0.01s
[2023-02-01T09:41:10.333+0100][gc          ] GC(2) Concurrent Mark Cycle
[2023-02-01T09:41:10.333+0100][gc,marking  ] GC(2) Concurrent Clear Claimed Marks
[2023-02-01T09:41:10.333+0100][gc,marking  ] GC(2) Concurrent Clear Claimed Marks 0.030ms
[2023-02-01T09:41:10.334+0100][gc,marking  ] GC(2) Concurrent Scan Root Regions
[2023-02-01T09:41:10.340+0100][gc,marking  ] GC(2) Concurrent Scan Root Regions 6.575ms
[2023-02-01T09:41:10.340+0100][gc,marking  ] GC(2) Concurrent Mark
[2023-02-01T09:41:10.340+0100][gc,marking  ] GC(2) Concurrent Mark From Roots
[2023-02-01T09:41:10.340+0100][gc,task     ] GC(2) Using 1 workers of 1 for marking
[2023-02-01T09:41:10.345+0100][gc,marking  ] GC(2) Concurrent Mark From Roots 5.017ms
[2023-02-01T09:41:10.345+0100][gc,marking  ] GC(2) Concurrent Preclean
[2023-02-01T09:41:10.346+0100][gc,marking  ] GC(2) Concurrent Preclean 0.032ms
[2023-02-01T09:41:10.346+0100][gc,start    ] GC(2) Pause Remark
[2023-02-01T09:41:10.348+0100][gc          ] GC(2) Pause Remark 9M->9M(1024M) 2.588ms
[2023-02-01T09:41:10.348+0100][gc,cpu      ] GC(2) User=0.01s Sys=0.00s Real=0.00s
[2023-02-01T09:41:10.348+0100][gc,marking  ] GC(2) Concurrent Mark 8.219ms
[2023-02-01T09:41:10.348+0100][gc,marking  ] GC(2) Concurrent Rebuild Remembered Sets
[2023-02-01T09:41:10.353+0100][gc,marking  ] GC(2) Concurrent Rebuild Remembered Sets 5.048ms
[2023-02-01T09:41:10.354+0100][gc,start    ] GC(2) Pause Cleanup
[2023-02-01T09:41:10.354+0100][gc          ] GC(2) Pause Cleanup 10M->10M(1024M) 0.151ms
[2023-02-01T09:41:10.354+0100][gc,cpu      ] GC(2) User=0.00s Sys=0.00s Real=0.00s
[2023-02-01T09:41:10.354+0100][gc,marking  ] GC(2) Concurrent Cleanup for Next Mark
[2023-02-01T09:41:10.368+0100][gc,marking  ] GC(2) Concurrent Cleanup for Next Mark 14.304ms
[2023-02-01T09:41:10.368+0100][gc          ] GC(2) Concurrent Mark Cycle 34.928ms
[2023-02-01T09:41:13.006+0100][gc,start    ] GC(3) Pause Young (Normal) (G1 Evacuation Pause)
[2023-02-01T09:41:13.006+0100][gc,task     ] GC(3) Using 4 workers of 4 for evacuation
[2023-02-01T09:41:13.013+0100][gc,phases   ] GC(3)   Pre Evacuate Collection Set: 0.1ms
[2023-02-01T09:41:13.013+0100][gc,phases   ] GC(3)   Merge Heap Roots: 0.1ms
[2023-02-01T09:41:13.013+0100][gc,phases   ] GC(3)   Evacuate Collection Set: 5.5ms
[2023-02-01T09:41:13.013+0100][gc,phases   ] GC(3)   Post Evacuate Collection Set: 0.8ms
[2023-02-01T09:41:13.013+0100][gc,phases   ] GC(3)   Other: 0.1ms
[2023-02-01T09:41:13.013+0100][gc,heap     ] GC(3) Eden regions: 49->0(46)
[2023-02-01T09:41:13.013+0100][gc,heap     ] GC(3) Survivor regions: 2->5(7)
[2023-02-01T09:41:13.013+0100][gc,heap     ] GC(3) Old regions: 8->8
[2023-02-01T09:41:13.013+0100][gc,heap     ] GC(3) Archive regions: 2->2
[2023-02-01T09:41:13.013+0100][gc,heap     ] GC(3) Humongous regions: 129->129
[2023-02-01T09:41:13.013+0100][gc,metaspace] GC(3) Metaspace: 30360K(30720K)->30360K(30720K) NonClass: 26938K(27136K)->26938K(27136K) Class: 3421K(3584K)->3421K(3584K)
[2023-02-01T09:41:13.013+0100][gc          ] GC(3) Pause Young (Normal) (G1 Evacuation Pause) 187M->141M(1024M) 7.061ms
[2023-02-01T09:41:13.013+0100][gc,cpu      ] GC(3) User=0.02s Sys=0.00s Real=0.01s
[2023-02-01T09:41:14.183+0100][gc,heap,exit] Heap
[2023-02-01T09:41:14.183+0100][gc,heap,exit]  garbage-first heap   total 1048576K, used 154744K [0x00000007c0000000, 0x0000000800000000)
[2023-02-01T09:41:14.183+0100][gc,heap,exit]   region size 1024K, 15 young (15360K), 5 survivors (5120K)
[2023-02-01T09:41:14.183+0100][gc,heap,exit]  Metaspace       used 31177K, committed 31488K, reserved 1114112K
[2023-02-01T09:41:14.183+0100][gc,heap,exit]   class space    used 3575K, committed 3712K, reserved 1048576K
