[2023-01-30T16:22:45.394+0100][gc,init] CardTable entry size: 512
[2023-01-30T16:22:45.394+0100][gc     ] Using G1
[2023-01-30T16:22:45.400+0100][gc,init] Version: 18+36-2087 (release)
[2023-01-30T16:22:45.400+0100][gc,init] CPUs: 4 total, 4 available
[2023-01-30T16:22:45.400+0100][gc,init] Memory: 8192M
[2023-01-30T16:22:45.400+0100][gc,init] Large Page Support: Disabled
[2023-01-30T16:22:45.400+0100][gc,init] NUMA Support: Disabled
[2023-01-30T16:22:45.400+0100][gc,init] Compressed Oops: Enabled (Zero based)
[2023-01-30T16:22:45.400+0100][gc,init] Heap Region Size: 1M
[2023-01-30T16:22:45.401+0100][gc,init] Heap Min Capacity: 1G
[2023-01-30T16:22:45.401+0100][gc,init] Heap Initial Capacity: 1G
[2023-01-30T16:22:45.401+0100][gc,init] Heap Max Capacity: 1G
[2023-01-30T16:22:45.401+0100][gc,init] Pre-touch: Disabled
[2023-01-30T16:22:45.401+0100][gc,init] Parallel Workers: 4
[2023-01-30T16:22:45.401+0100][gc,init] Concurrent Workers: 1
[2023-01-30T16:22:45.401+0100][gc,init] Concurrent Refinement Workers: 4
[2023-01-30T16:22:45.401+0100][gc,init] Periodic GC: Disabled
[2023-01-30T16:22:45.401+0100][gc,metaspace] CDS archive(s) mapped at: [0x0000000800000000-0x0000000800ba8000-0x0000000800ba8000), size 12222464, SharedBaseAddress: 0x0000000800000000, ArchiveRelocationMode: 0.
[2023-01-30T16:22:45.401+0100][gc,metaspace] Compressed class space mapped at: 0x0000000800c00000-0x0000000840c00000, reserved size: 1073741824
[2023-01-30T16:22:45.401+0100][gc,metaspace] Narrow klass base: 0x0000000800000000, Narrow klass shift: 0, Narrow klass range: 0x100000000
[2023-01-30T16:22:46.770+0100][gc,heap,exit] Heap
[2023-01-30T16:22:46.770+0100][gc,heap,exit]  garbage-first heap   total 1048576K, used 36250K [0x00000007c0000000, 0x0000000800000000)
[2023-01-30T16:22:46.770+0100][gc,heap,exit]   region size 1024K, 35 young (35840K), 0 survivors (0K)
[2023-01-30T16:22:46.770+0100][gc,heap,exit]  Metaspace       used 13109K, committed 13312K, reserved 1114112K
[2023-01-30T16:22:46.770+0100][gc,heap,exit]   class space    used 1587K, committed 1664K, reserved 1048576K
