[2023-01-12T13:46:39.427+0100][gc,init] CardTable entry size: 512
[2023-01-12T13:46:39.427+0100][gc     ] Using G1
[2023-01-12T13:46:39.434+0100][gc,init] Version: 18+36-2087 (release)
[2023-01-12T13:46:39.434+0100][gc,init] CPUs: 4 total, 4 available
[2023-01-12T13:46:39.434+0100][gc,init] Memory: 8192M
[2023-01-12T13:46:39.434+0100][gc,init] Large Page Support: Disabled
[2023-01-12T13:46:39.434+0100][gc,init] NUMA Support: Disabled
[2023-01-12T13:46:39.434+0100][gc,init] Compressed Oops: Enabled (Zero based)
[2023-01-12T13:46:39.434+0100][gc,init] Heap Region Size: 1M
[2023-01-12T13:46:39.434+0100][gc,init] Heap Min Capacity: 1G
[2023-01-12T13:46:39.434+0100][gc,init] Heap Initial Capacity: 1G
[2023-01-12T13:46:39.434+0100][gc,init] Heap Max Capacity: 1G
[2023-01-12T13:46:39.434+0100][gc,init] Pre-touch: Disabled
[2023-01-12T13:46:39.434+0100][gc,init] Parallel Workers: 4
[2023-01-12T13:46:39.434+0100][gc,init] Concurrent Workers: 1
[2023-01-12T13:46:39.434+0100][gc,init] Concurrent Refinement Workers: 4
[2023-01-12T13:46:39.434+0100][gc,init] Periodic GC: Disabled
[2023-01-12T13:46:39.434+0100][gc,metaspace] CDS archive(s) mapped at: [0x0000000800000000-0x0000000800ba8000-0x0000000800ba8000), size 12222464, SharedBaseAddress: 0x0000000800000000, ArchiveRelocationMode: 0.
[2023-01-12T13:46:39.434+0100][gc,metaspace] Compressed class space mapped at: 0x0000000800c00000-0x0000000840c00000, reserved size: 1073741824
[2023-01-12T13:46:39.434+0100][gc,metaspace] Narrow klass base: 0x0000000800000000, Narrow klass shift: 0, Narrow klass range: 0x100000000
[2023-01-12T13:46:41.489+0100][gc,start    ] GC(0) Pause Young (Normal) (G1 Evacuation Pause)
[2023-01-12T13:46:41.489+0100][gc,task     ] GC(0) Using 4 workers of 4 for evacuation
[2023-01-12T13:46:41.502+0100][gc,phases   ] GC(0)   Pre Evacuate Collection Set: 0.1ms
[2023-01-12T13:46:41.502+0100][gc,phases   ] GC(0)   Merge Heap Roots: 0.2ms
[2023-01-12T13:46:41.502+0100][gc,phases   ] GC(0)   Evacuate Collection Set: 11.1ms
[2023-01-12T13:46:41.502+0100][gc,phases   ] GC(0)   Post Evacuate Collection Set: 1.2ms
[2023-01-12T13:46:41.502+0100][gc,phases   ] GC(0)   Other: 0.4ms
[2023-01-12T13:46:41.502+0100][gc,heap     ] GC(0) Eden regions: 51->0(44)
[2023-01-12T13:46:41.502+0100][gc,heap     ] GC(0) Survivor regions: 0->7(7)
[2023-01-12T13:46:41.502+0100][gc,heap     ] GC(0) Old regions: 0->1
[2023-01-12T13:46:41.502+0100][gc,heap     ] GC(0) Archive regions: 2->2
[2023-01-12T13:46:41.502+0100][gc,heap     ] GC(0) Humongous regions: 0->0
[2023-01-12T13:46:41.502+0100][gc,metaspace] GC(0) Metaspace: 18564K(18752K)->18564K(18752K) NonClass: 16363K(16448K)->16363K(16448K) Class: 2201K(2304K)->2201K(2304K)
[2023-01-12T13:46:41.502+0100][gc          ] GC(0) Pause Young (Normal) (G1 Evacuation Pause) 51M->8M(1024M) 13.332ms
[2023-01-12T13:46:41.502+0100][gc,cpu      ] GC(0) User=0.03s Sys=0.00s Real=0.02s
[2023-01-12T13:46:41.930+0100][gc,start    ] GC(1) Pause Young (Concurrent Start) (Metadata GC Threshold)
[2023-01-12T13:46:41.930+0100][gc,task     ] GC(1) Using 4 workers of 4 for evacuation
[2023-01-12T13:46:41.946+0100][gc,phases   ] GC(1)   Pre Evacuate Collection Set: 0.2ms
[2023-01-12T13:46:41.946+0100][gc,phases   ] GC(1)   Merge Heap Roots: 0.1ms
[2023-01-12T13:46:41.946+0100][gc,phases   ] GC(1)   Evacuate Collection Set: 14.8ms
[2023-01-12T13:46:41.946+0100][gc,phases   ] GC(1)   Post Evacuate Collection Set: 0.5ms
[2023-01-12T13:46:41.946+0100][gc,phases   ] GC(1)   Other: 0.1ms
[2023-01-12T13:46:41.946+0100][gc,heap     ] GC(1) Eden regions: 13->0(49)
[2023-01-12T13:46:41.946+0100][gc,heap     ] GC(1) Survivor regions: 7->2(7)
[2023-01-12T13:46:41.946+0100][gc,heap     ] GC(1) Old regions: 1->8
[2023-01-12T13:46:41.946+0100][gc,heap     ] GC(1) Archive regions: 2->2
[2023-01-12T13:46:41.946+0100][gc,heap     ] GC(1) Humongous regions: 129->129
[2023-01-12T13:46:41.946+0100][gc,metaspace] GC(1) Metaspace: 21337K(21504K)->21337K(21504K) NonClass: 18806K(18880K)->18806K(18880K) Class: 2531K(2624K)->2531K(2624K)
[2023-01-12T13:46:41.946+0100][gc          ] GC(1) Pause Young (Concurrent Start) (Metadata GC Threshold) 149M->138M(1024M) 15.828ms
[2023-01-12T13:46:41.946+0100][gc          ] GC(2) Concurrent Mark Cycle
[2023-01-12T13:46:41.946+0100][gc,cpu      ] GC(1) User=0.03s Sys=0.01s Real=0.01s
[2023-01-12T13:46:41.946+0100][gc,marking  ] GC(2) Concurrent Clear Claimed Marks
[2023-01-12T13:46:41.946+0100][gc,marking  ] GC(2) Concurrent Clear Claimed Marks 0.044ms
[2023-01-12T13:46:41.946+0100][gc,marking  ] GC(2) Concurrent Scan Root Regions
[2023-01-12T13:46:41.955+0100][gc,marking  ] GC(2) Concurrent Scan Root Regions 8.626ms
[2023-01-12T13:46:41.955+0100][gc,marking  ] GC(2) Concurrent Mark
[2023-01-12T13:46:41.955+0100][gc,marking  ] GC(2) Concurrent Mark From Roots
[2023-01-12T13:46:41.955+0100][gc,task     ] GC(2) Using 1 workers of 1 for marking
[2023-01-12T13:46:41.961+0100][gc,marking  ] GC(2) Concurrent Mark From Roots 5.755ms
[2023-01-12T13:46:41.961+0100][gc,marking  ] GC(2) Concurrent Preclean
[2023-01-12T13:46:41.961+0100][gc,marking  ] GC(2) Concurrent Preclean 0.036ms
[2023-01-12T13:46:41.961+0100][gc,start    ] GC(2) Pause Remark
[2023-01-12T13:46:41.963+0100][gc          ] GC(2) Pause Remark 139M->139M(1024M) 2.227ms
[2023-01-12T13:46:41.963+0100][gc,cpu      ] GC(2) User=0.00s Sys=0.00s Real=0.00s
[2023-01-12T13:46:41.963+0100][gc,marking  ] GC(2) Concurrent Mark 8.450ms
[2023-01-12T13:46:41.963+0100][gc,marking  ] GC(2) Concurrent Rebuild Remembered Sets
[2023-01-12T13:46:41.970+0100][gc,marking  ] GC(2) Concurrent Rebuild Remembered Sets 7.161ms
[2023-01-12T13:46:41.971+0100][gc,start    ] GC(2) Pause Cleanup
[2023-01-12T13:46:41.971+0100][gc          ] GC(2) Pause Cleanup 139M->139M(1024M) 0.161ms
[2023-01-12T13:46:41.971+0100][gc,cpu      ] GC(2) User=0.00s Sys=0.00s Real=0.00s
[2023-01-12T13:46:41.971+0100][gc,marking  ] GC(2) Concurrent Cleanup for Next Mark
[2023-01-12T13:46:41.987+0100][gc,marking  ] GC(2) Concurrent Cleanup for Next Mark 16.289ms
[2023-01-12T13:46:41.988+0100][gc          ] GC(2) Concurrent Mark Cycle 41.718ms
[2023-01-12T13:46:43.117+0100][gc,start    ] GC(3) Pause Young (Normal) (G1 Evacuation Pause)
[2023-01-12T13:46:43.117+0100][gc,task     ] GC(3) Using 4 workers of 4 for evacuation
[2023-01-12T13:46:43.127+0100][gc,phases   ] GC(3)   Pre Evacuate Collection Set: 0.1ms
[2023-01-12T13:46:43.127+0100][gc,phases   ] GC(3)   Merge Heap Roots: 0.1ms
[2023-01-12T13:46:43.127+0100][gc,phases   ] GC(3)   Evacuate Collection Set: 8.5ms
[2023-01-12T13:46:43.127+0100][gc,phases   ] GC(3)   Post Evacuate Collection Set: 0.7ms
[2023-01-12T13:46:43.127+0100][gc,phases   ] GC(3)   Other: 0.1ms
[2023-01-12T13:46:43.127+0100][gc,heap     ] GC(3) Eden regions: 49->0(45)
[2023-01-12T13:46:43.127+0100][gc,heap     ] GC(3) Survivor regions: 2->6(7)
[2023-01-12T13:46:43.127+0100][gc,heap     ] GC(3) Old regions: 8->8
[2023-01-12T13:46:43.127+0100][gc,heap     ] GC(3) Archive regions: 2->2
[2023-01-12T13:46:43.127+0100][gc,heap     ] GC(3) Humongous regions: 129->129
[2023-01-12T13:46:43.127+0100][gc,metaspace] GC(3) Metaspace: 32558K(32896K)->32558K(32896K) NonClass: 28957K(29184K)->28957K(29184K) Class: 3601K(3712K)->3601K(3712K)
[2023-01-12T13:46:43.127+0100][gc          ] GC(3) Pause Young (Normal) (G1 Evacuation Pause) 187M->142M(1024M) 9.883ms
[2023-01-12T13:46:43.127+0100][gc,cpu      ] GC(3) User=0.02s Sys=0.00s Real=0.01s
[2023-01-12T14:08:19.727+0100][gc,start    ] GC(4) Pause Young (Concurrent Start) (Metadata GC Threshold)
[2023-01-12T14:08:19.727+0100][gc,task     ] GC(4) Using 4 workers of 4 for evacuation
[2023-01-12T14:08:19.750+0100][gc,mmu      ] GC(4) MMU target violated: 21.0ms (20.0ms/21.0ms)
[2023-01-12T14:08:19.750+0100][gc,phases   ] GC(4)   Pre Evacuate Collection Set: 1.0ms
[2023-01-12T14:08:19.750+0100][gc,phases   ] GC(4)   Merge Heap Roots: 0.2ms
[2023-01-12T14:08:19.750+0100][gc,phases   ] GC(4)   Evacuate Collection Set: 20.8ms
[2023-01-12T14:08:19.750+0100][gc,phases   ] GC(4)   Post Evacuate Collection Set: 0.6ms
[2023-01-12T14:08:19.750+0100][gc,phases   ] GC(4)   Other: 0.3ms
[2023-01-12T14:08:19.750+0100][gc,heap     ] GC(4) Eden regions: 24->0(49)
[2023-01-12T14:08:19.750+0100][gc,heap     ] GC(4) Survivor regions: 6->2(7)
[2023-01-12T14:08:19.750+0100][gc,heap     ] GC(4) Old regions: 8->13
[2023-01-12T14:08:19.750+0100][gc,heap     ] GC(4) Archive regions: 2->2
[2023-01-12T14:08:19.750+0100][gc,heap     ] GC(4) Humongous regions: 129->129
[2023-01-12T14:08:19.750+0100][gc,metaspace] GC(4) Metaspace: 35815K(36160K)->35815K(36160K) NonClass: 31665K(31872K)->31665K(31872K) Class: 4150K(4288K)->4150K(4288K)
[2023-01-12T14:08:19.750+0100][gc          ] GC(4) Pause Young (Concurrent Start) (Metadata GC Threshold) 166M->144M(1024M) 23.440ms
[2023-01-12T14:08:19.750+0100][gc,cpu      ] GC(4) User=0.03s Sys=0.03s Real=0.03s
[2023-01-12T14:08:19.750+0100][gc          ] GC(5) Concurrent Mark Cycle
[2023-01-12T14:08:19.751+0100][gc,marking  ] GC(5) Concurrent Clear Claimed Marks
[2023-01-12T14:08:19.751+0100][gc,marking  ] GC(5) Concurrent Clear Claimed Marks 0.046ms
[2023-01-12T14:08:19.751+0100][gc,marking  ] GC(5) Concurrent Scan Root Regions
[2023-01-12T14:08:19.763+0100][gc,marking  ] GC(5) Concurrent Scan Root Regions 12.175ms
[2023-01-12T14:08:19.763+0100][gc,marking  ] GC(5) Concurrent Mark
[2023-01-12T14:08:19.763+0100][gc,marking  ] GC(5) Concurrent Mark From Roots
[2023-01-12T14:08:19.763+0100][gc,task     ] GC(5) Using 1 workers of 1 for marking
[2023-01-12T14:08:19.792+0100][gc,marking  ] GC(5) Concurrent Mark From Roots 29.076ms
[2023-01-12T14:08:19.792+0100][gc,marking  ] GC(5) Concurrent Preclean
[2023-01-12T14:08:19.792+0100][gc,marking  ] GC(5) Concurrent Preclean 0.209ms
[2023-01-12T14:08:19.792+0100][gc,start    ] GC(5) Pause Remark
[2023-01-12T14:08:19.822+0100][gc,mmu      ] GC(5) MMU target violated: 21.0ms (20.0ms/21.0ms)
[2023-01-12T14:08:19.822+0100][gc          ] GC(5) Pause Remark 145M->145M(1024M) 29.700ms
[2023-01-12T14:08:19.822+0100][gc,cpu      ] GC(5) User=0.01s Sys=0.05s Real=0.03s
[2023-01-12T14:08:19.823+0100][gc,marking  ] GC(5) Concurrent Mark 60.134ms
[2023-01-12T14:08:19.823+0100][gc,marking  ] GC(5) Concurrent Rebuild Remembered Sets
[2023-01-12T14:08:19.842+0100][gc,marking  ] GC(5) Concurrent Rebuild Remembered Sets 18.899ms
[2023-01-12T14:08:19.842+0100][gc,start    ] GC(5) Pause Cleanup
[2023-01-12T14:08:19.842+0100][gc          ] GC(5) Pause Cleanup 146M->146M(1024M) 0.191ms
[2023-01-12T14:08:19.842+0100][gc,cpu      ] GC(5) User=0.00s Sys=0.00s Real=0.00s
[2023-01-12T14:08:19.842+0100][gc,marking  ] GC(5) Concurrent Cleanup for Next Mark
[2023-01-12T14:08:19.855+0100][gc,marking  ] GC(5) Concurrent Cleanup for Next Mark 12.579ms
[2023-01-12T14:08:19.855+0100][gc          ] GC(5) Concurrent Mark Cycle 104.784ms
[2023-01-12T15:14:35.030+0100][gc,start    ] GC(6) Pause Young (Normal) (G1 Evacuation Pause)
[2023-01-12T15:14:35.035+0100][gc,task     ] GC(6) Using 4 workers of 4 for evacuation
[2023-01-12T15:14:35.055+0100][gc,mmu      ] GC(6) MMU target violated: 20.2ms (20.0ms/21.0ms)
[2023-01-12T15:14:35.056+0100][gc,phases   ] GC(6)   Pre Evacuate Collection Set: 1.3ms
[2023-01-12T15:14:35.056+0100][gc,phases   ] GC(6)   Merge Heap Roots: 0.8ms
[2023-01-12T15:14:35.056+0100][gc,phases   ] GC(6)   Evacuate Collection Set: 14.2ms
[2023-01-12T15:14:35.056+0100][gc,phases   ] GC(6)   Post Evacuate Collection Set: 2.9ms
[2023-01-12T15:14:35.056+0100][gc,phases   ] GC(6)   Other: 3.4ms
[2023-01-12T15:14:35.057+0100][gc,heap     ] GC(6) Eden regions: 49->0(48)
[2023-01-12T15:14:35.057+0100][gc,heap     ] GC(6) Survivor regions: 2->3(7)
[2023-01-12T15:14:35.057+0100][gc,heap     ] GC(6) Old regions: 13->13
[2023-01-12T15:14:35.057+0100][gc,heap     ] GC(6) Archive regions: 2->2
[2023-01-12T15:14:35.057+0100][gc,heap     ] GC(6) Humongous regions: 129->129
[2023-01-12T15:14:35.057+0100][gc,metaspace] GC(6) Metaspace: 38476K(39040K)->38476K(39040K) NonClass: 33954K(34240K)->33954K(34240K) Class: 4521K(4800K)->4521K(4800K)
[2023-01-12T15:14:35.057+0100][gc          ] GC(6) Pause Young (Normal) (G1 Evacuation Pause) 193M->144M(1024M) 27.347ms
[2023-01-12T15:14:35.057+0100][gc,cpu      ] GC(6) User=0.02s Sys=0.03s Real=0.03s
[2023-01-12T15:24:13.414+0100][gc,heap,exit] Heap
[2023-01-12T15:24:13.414+0100][gc,heap,exit]  garbage-first heap   total 1048576K, used 165179K [0x00000007c0000000, 0x0000000800000000)
[2023-01-12T15:24:13.414+0100][gc,heap,exit]   region size 1024K, 20 young (20480K), 3 survivors (3072K)
[2023-01-12T15:24:13.414+0100][gc,heap,exit]  Metaspace       used 39210K, committed 39744K, reserved 1114112K
[2023-01-12T15:24:13.414+0100][gc,heap,exit]   class space    used 4680K, committed 4928K, reserved 1048576K
