[2023-01-31T23:41:04.444+0100][gc,init] CardTable entry size: 512
[2023-01-31T23:41:04.445+0100][gc     ] Using G1
[2023-01-31T23:41:04.452+0100][gc,init] Version: 18+36-2087 (release)
[2023-01-31T23:41:04.452+0100][gc,init] CPUs: 4 total, 4 available
[2023-01-31T23:41:04.452+0100][gc,init] Memory: 8192M
[2023-01-31T23:41:04.452+0100][gc,init] Large Page Support: Disabled
[2023-01-31T23:41:04.452+0100][gc,init] NUMA Support: Disabled
[2023-01-31T23:41:04.452+0100][gc,init] Compressed Oops: Enabled (Zero based)
[2023-01-31T23:41:04.452+0100][gc,init] Heap Region Size: 1M
[2023-01-31T23:41:04.452+0100][gc,init] Heap Min Capacity: 1G
[2023-01-31T23:41:04.452+0100][gc,init] Heap Initial Capacity: 1G
[2023-01-31T23:41:04.452+0100][gc,init] Heap Max Capacity: 1G
[2023-01-31T23:41:04.452+0100][gc,init] Pre-touch: Disabled
[2023-01-31T23:41:04.452+0100][gc,init] Parallel Workers: 4
[2023-01-31T23:41:04.452+0100][gc,init] Concurrent Workers: 1
[2023-01-31T23:41:04.452+0100][gc,init] Concurrent Refinement Workers: 4
[2023-01-31T23:41:04.452+0100][gc,init] Periodic GC: Disabled
[2023-01-31T23:41:04.452+0100][gc,metaspace] CDS archive(s) mapped at: [0x0000000800000000-0x0000000800ba8000-0x0000000800ba8000), size 12222464, SharedBaseAddress: 0x0000000800000000, ArchiveRelocationMode: 0.
[2023-01-31T23:41:04.452+0100][gc,metaspace] Compressed class space mapped at: 0x0000000800c00000-0x0000000840c00000, reserved size: 1073741824
[2023-01-31T23:41:04.452+0100][gc,metaspace] Narrow klass base: 0x0000000800000000, Narrow klass shift: 0, Narrow klass range: 0x100000000
[2023-01-31T23:41:14.228+0100][gc,start    ] GC(0) Pause Young (Normal) (G1 Evacuation Pause)
[2023-01-31T23:41:14.228+0100][gc,task     ] GC(0) Using 4 workers of 4 for evacuation
[2023-01-31T23:41:14.242+0100][gc,phases   ] GC(0)   Pre Evacuate Collection Set: 0.1ms
[2023-01-31T23:41:14.242+0100][gc,phases   ] GC(0)   Merge Heap Roots: 0.1ms
[2023-01-31T23:41:14.242+0100][gc,phases   ] GC(0)   Evacuate Collection Set: 11.6ms
[2023-01-31T23:41:14.242+0100][gc,phases   ] GC(0)   Post Evacuate Collection Set: 1.5ms
[2023-01-31T23:41:14.242+0100][gc,phases   ] GC(0)   Other: 0.3ms
[2023-01-31T23:41:14.242+0100][gc,heap     ] GC(0) Eden regions: 51->0(44)
[2023-01-31T23:41:14.242+0100][gc,heap     ] GC(0) Survivor regions: 0->7(7)
[2023-01-31T23:41:14.242+0100][gc,heap     ] GC(0) Old regions: 0->1
[2023-01-31T23:41:14.242+0100][gc,heap     ] GC(0) Archive regions: 2->2
[2023-01-31T23:41:14.242+0100][gc,heap     ] GC(0) Humongous regions: 0->0
[2023-01-31T23:41:14.242+0100][gc,metaspace] GC(0) Metaspace: 18581K(18816K)->18581K(18816K) NonClass: 16379K(16512K)->16379K(16512K) Class: 2201K(2304K)->2201K(2304K)
[2023-01-31T23:41:14.242+0100][gc          ] GC(0) Pause Young (Normal) (G1 Evacuation Pause) 51M->8M(1024M) 14.136ms
[2023-01-31T23:41:14.242+0100][gc,cpu      ] GC(0) User=0.02s Sys=0.00s Real=0.02s
[2023-01-31T23:41:15.082+0100][gc,start    ] GC(1) Pause Young (Concurrent Start) (Metadata GC Threshold)
[2023-01-31T23:41:15.082+0100][gc,task     ] GC(1) Using 4 workers of 4 for evacuation
[2023-01-31T23:41:15.099+0100][gc,phases   ] GC(1)   Pre Evacuate Collection Set: 0.2ms
[2023-01-31T23:41:15.100+0100][gc,phases   ] GC(1)   Merge Heap Roots: 0.0ms
[2023-01-31T23:41:15.100+0100][gc,phases   ] GC(1)   Evacuate Collection Set: 16.6ms
[2023-01-31T23:41:15.100+0100][gc,phases   ] GC(1)   Post Evacuate Collection Set: 0.6ms
[2023-01-31T23:41:15.100+0100][gc,phases   ] GC(1)   Other: 0.1ms
[2023-01-31T23:41:15.100+0100][gc,heap     ] GC(1) Eden regions: 13->0(49)
[2023-01-31T23:41:15.100+0100][gc,heap     ] GC(1) Survivor regions: 7->2(7)
[2023-01-31T23:41:15.100+0100][gc,heap     ] GC(1) Old regions: 1->8
[2023-01-31T23:41:15.100+0100][gc,heap     ] GC(1) Archive regions: 2->2
[2023-01-31T23:41:15.100+0100][gc,heap     ] GC(1) Humongous regions: 129->129
[2023-01-31T23:41:15.100+0100][gc,metaspace] GC(1) Metaspace: 21271K(21504K)->21271K(21504K) NonClass: 18747K(18880K)->18747K(18880K) Class: 2524K(2624K)->2524K(2624K)
[2023-01-31T23:41:15.100+0100][gc          ] GC(1) Pause Young (Concurrent Start) (Metadata GC Threshold) 149M->138M(1024M) 17.749ms
[2023-01-31T23:41:15.100+0100][gc,cpu      ] GC(1) User=0.02s Sys=0.00s Real=0.02s
[2023-01-31T23:41:15.100+0100][gc          ] GC(2) Concurrent Mark Cycle
[2023-01-31T23:41:15.100+0100][gc,marking  ] GC(2) Concurrent Clear Claimed Marks
[2023-01-31T23:41:15.100+0100][gc,marking  ] GC(2) Concurrent Clear Claimed Marks 0.021ms
[2023-01-31T23:41:15.100+0100][gc,marking  ] GC(2) Concurrent Scan Root Regions
[2023-01-31T23:41:15.106+0100][gc,marking  ] GC(2) Concurrent Scan Root Regions 6.429ms
[2023-01-31T23:41:15.106+0100][gc,marking  ] GC(2) Concurrent Mark
[2023-01-31T23:41:15.106+0100][gc,marking  ] GC(2) Concurrent Mark From Roots
[2023-01-31T23:41:15.106+0100][gc,task     ] GC(2) Using 1 workers of 1 for marking
[2023-01-31T23:41:15.112+0100][gc,marking  ] GC(2) Concurrent Mark From Roots 5.716ms
[2023-01-31T23:41:15.112+0100][gc,marking  ] GC(2) Concurrent Preclean
[2023-01-31T23:41:15.112+0100][gc,marking  ] GC(2) Concurrent Preclean 0.029ms
[2023-01-31T23:41:15.112+0100][gc,start    ] GC(2) Pause Remark
[2023-01-31T23:41:15.114+0100][gc          ] GC(2) Pause Remark 139M->139M(1024M) 1.834ms
[2023-01-31T23:41:15.114+0100][gc,cpu      ] GC(2) User=0.00s Sys=0.00s Real=0.00s
[2023-01-31T23:41:15.114+0100][gc,marking  ] GC(2) Concurrent Mark 7.961ms
[2023-01-31T23:41:15.114+0100][gc,marking  ] GC(2) Concurrent Rebuild Remembered Sets
[2023-01-31T23:41:15.123+0100][gc,marking  ] GC(2) Concurrent Rebuild Remembered Sets 8.565ms
[2023-01-31T23:41:15.126+0100][gc,start    ] GC(2) Pause Cleanup
[2023-01-31T23:41:15.126+0100][gc          ] GC(2) Pause Cleanup 139M->139M(1024M) 0.556ms
[2023-01-31T23:41:15.127+0100][gc,cpu      ] GC(2) User=0.00s Sys=0.00s Real=0.00s
[2023-01-31T23:41:15.129+0100][gc,marking  ] GC(2) Concurrent Cleanup for Next Mark
[2023-01-31T23:41:15.145+0100][gc,marking  ] GC(2) Concurrent Cleanup for Next Mark 16.400ms
[2023-01-31T23:41:15.145+0100][gc          ] GC(2) Concurrent Mark Cycle 45.356ms
[2023-01-31T23:41:17.044+0100][gc,start    ] GC(3) Pause Young (Normal) (G1 Evacuation Pause)
[2023-01-31T23:41:17.044+0100][gc,task     ] GC(3) Using 4 workers of 4 for evacuation
[2023-01-31T23:41:17.051+0100][gc,phases   ] GC(3)   Pre Evacuate Collection Set: 0.1ms
[2023-01-31T23:41:17.051+0100][gc,phases   ] GC(3)   Merge Heap Roots: 0.0ms
[2023-01-31T23:41:17.051+0100][gc,phases   ] GC(3)   Evacuate Collection Set: 6.8ms
[2023-01-31T23:41:17.052+0100][gc,phases   ] GC(3)   Post Evacuate Collection Set: 0.7ms
[2023-01-31T23:41:17.052+0100][gc,phases   ] GC(3)   Other: 0.1ms
[2023-01-31T23:41:17.052+0100][gc,heap     ] GC(3) Eden regions: 49->0(45)
[2023-01-31T23:41:17.052+0100][gc,heap     ] GC(3) Survivor regions: 2->6(7)
[2023-01-31T23:41:17.052+0100][gc,heap     ] GC(3) Old regions: 8->8
[2023-01-31T23:41:17.052+0100][gc,heap     ] GC(3) Archive regions: 2->2
[2023-01-31T23:41:17.052+0100][gc,heap     ] GC(3) Humongous regions: 129->129
[2023-01-31T23:41:17.052+0100][gc,metaspace] GC(3) Metaspace: 32715K(33024K)->32715K(33024K) NonClass: 29087K(29248K)->29087K(29248K) Class: 3628K(3776K)->3628K(3776K)
[2023-01-31T23:41:17.052+0100][gc          ] GC(3) Pause Young (Normal) (G1 Evacuation Pause) 187M->142M(1024M) 7.997ms
[2023-01-31T23:41:17.052+0100][gc,cpu      ] GC(3) User=0.02s Sys=0.00s Real=0.01s
[2023-01-31T23:59:18.098+0100][gc,heap,exit] Heap
[2023-01-31T23:59:18.099+0100][gc,heap,exit]  garbage-first heap   total 1048576K, used 169619K [0x00000007c0000000, 0x0000000800000000)
[2023-01-31T23:59:18.099+0100][gc,heap,exit]   region size 1024K, 29 young (29696K), 6 survivors (6144K)
[2023-01-31T23:59:18.099+0100][gc,heap,exit]  Metaspace       used 35059K, committed 35328K, reserved 1114112K
[2023-01-31T23:59:18.099+0100][gc,heap,exit]   class space    used 3980K, committed 4096K, reserved 1048576K
