[2023-02-01T08:28:18.249+0100][gc,init] CardTable entry size: 512
[2023-02-01T08:28:18.249+0100][gc     ] Using G1
[2023-02-01T08:28:18.256+0100][gc,init] Version: 18+36-2087 (release)
[2023-02-01T08:28:18.256+0100][gc,init] CPUs: 4 total, 4 available
[2023-02-01T08:28:18.256+0100][gc,init] Memory: 8192M
[2023-02-01T08:28:18.256+0100][gc,init] Large Page Support: Disabled
[2023-02-01T08:28:18.256+0100][gc,init] NUMA Support: Disabled
[2023-02-01T08:28:18.256+0100][gc,init] Compressed Oops: Enabled (Zero based)
[2023-02-01T08:28:18.256+0100][gc,init] Heap Region Size: 1M
[2023-02-01T08:28:18.256+0100][gc,init] Heap Min Capacity: 512M
[2023-02-01T08:28:18.256+0100][gc,init] Heap Initial Capacity: 512M
[2023-02-01T08:28:18.256+0100][gc,init] Heap Max Capacity: 512M
[2023-02-01T08:28:18.256+0100][gc,init] Pre-touch: Disabled
[2023-02-01T08:28:18.256+0100][gc,init] Parallel Workers: 4
[2023-02-01T08:28:18.256+0100][gc,init] Concurrent Workers: 1
[2023-02-01T08:28:18.256+0100][gc,init] Concurrent Refinement Workers: 4
[2023-02-01T08:28:18.256+0100][gc,init] Periodic GC: Disabled
[2023-02-01T08:28:18.257+0100][gc,metaspace] CDS archive(s) mapped at: [0x0000000800000000-0x0000000800ba8000-0x0000000800ba8000), size 12222464, SharedBaseAddress: 0x0000000800000000, ArchiveRelocationMode: 0.
[2023-02-01T08:28:18.257+0100][gc,metaspace] Compressed class space mapped at: 0x0000000800c00000-0x0000000840c00000, reserved size: 1073741824
[2023-02-01T08:28:18.257+0100][gc,metaspace] Narrow klass base: 0x0000000800000000, Narrow klass shift: 0, Narrow klass range: 0x100000000
[2023-02-01T08:29:13.828+0100][gc,start    ] GC(0) Pause Young (Normal) (G1 Evacuation Pause)
[2023-02-01T08:29:13.829+0100][gc,task     ] GC(0) Using 4 workers of 4 for evacuation
[2023-02-01T08:29:13.858+0100][gc,mmu      ] GC(0) MMU target violated: 21.0ms (20.0ms/21.0ms)
[2023-02-01T08:29:13.859+0100][gc,phases   ] GC(0)   Pre Evacuate Collection Set: 0.5ms
[2023-02-01T08:29:13.859+0100][gc,phases   ] GC(0)   Merge Heap Roots: 0.6ms
[2023-02-01T08:29:13.859+0100][gc,phases   ] GC(0)   Evacuate Collection Set: 25.7ms
[2023-02-01T08:29:13.859+0100][gc,phases   ] GC(0)   Post Evacuate Collection Set: 1.1ms
[2023-02-01T08:29:13.859+0100][gc,phases   ] GC(0)   Other: 1.6ms
[2023-02-01T08:29:13.859+0100][gc,heap     ] GC(0) Eden regions: 25->0(21)
[2023-02-01T08:29:13.859+0100][gc,heap     ] GC(0) Survivor regions: 0->4(4)
[2023-02-01T08:29:13.859+0100][gc,heap     ] GC(0) Old regions: 0->4
[2023-02-01T08:29:13.859+0100][gc,heap     ] GC(0) Archive regions: 2->2
[2023-02-01T08:29:13.859+0100][gc,heap     ] GC(0) Humongous regions: 0->0
[2023-02-01T08:29:13.859+0100][gc,metaspace] GC(0) Metaspace: 7857K(8064K)->7857K(8064K) NonClass: 7003K(7104K)->7003K(7104K) Class: 854K(960K)->854K(960K)
[2023-02-01T08:29:13.859+0100][gc          ] GC(0) Pause Young (Normal) (G1 Evacuation Pause) 25M->8M(512M) 31.840ms
[2023-02-01T08:29:13.859+0100][gc,cpu      ] GC(0) User=0.02s Sys=0.03s Real=0.03s
[2023-02-01T09:01:08.257+0100][gc,heap,exit] Heap
[2023-02-01T09:01:08.258+0100][gc,heap,exit]  garbage-first heap   total 524288K, used 19509K [0x00000007e0000000, 0x0000000800000000)
[2023-02-01T09:01:08.258+0100][gc,heap,exit]   region size 1024K, 16 young (16384K), 4 survivors (4096K)
[2023-02-01T09:01:08.258+0100][gc,heap,exit]  Metaspace       used 8546K, committed 8704K, reserved 1114112K
[2023-02-01T09:01:08.258+0100][gc,heap,exit]   class space    used 874K, committed 960K, reserved 1048576K
